Archive member included to satisfy reference by file (symbol)

.\CortexM3\ARM_GCC_541\Debug\PSoC5_Ex1.a(CyLib.o)
                              .\CortexM3\ARM_GCC_541\Debug\Cm3Start.o (CyHalt)
.\CortexM3\ARM_GCC_541\Debug\PSoC5_Ex1.a(cyPm.o)
                              .\CortexM3\ARM_GCC_541\Debug\PSoC5_Ex1.a(CyLib.o) (CyPmReadStatus)
.\CortexM3\ARM_GCC_541\Debug\PSoC5_Ex1.a(LED1.o)
                              .\CortexM3\ARM_GCC_541\Debug\main.o (LED1_Write)
.\CortexM3\ARM_GCC_541\Debug\PSoC5_Ex1.a(Button.o)
                              .\CortexM3\ARM_GCC_541\Debug\main.o (Button_Read)
.\CortexM3\ARM_GCC_541\Debug\PSoC5_Ex1.a(UART.o)
                              .\CortexM3\ARM_GCC_541\Debug\main.o (UART_Start)
.\CortexM3\ARM_GCC_541\Debug\PSoC5_Ex1.a(UART_IntClock.o)
                              .\CortexM3\ARM_GCC_541\Debug\PSoC5_Ex1.a(UART.o) (UART_IntClock_Start)
.\CortexM3\ARM_GCC_541\Debug\PSoC5_Ex1.a(CyBootAsmGnu.o)
                              .\CortexM3\ARM_GCC_541\Debug\cyfitter_cfg.o (CyDelayCycles)
.\CortexM3\ARM_GCC_541\Debug\PSoC5_Ex1.a(CyFlash.o)
                              .\CortexM3\ARM_GCC_541\Debug\PSoC5_Ex1.a(cyPm.o) (CyFlash_SetWaitCycles)
.\CortexM3\ARM_GCC_541\Debug\PSoC5_Ex1.a(CySpc.o)
                              .\CortexM3\ARM_GCC_541\Debug\PSoC5_Ex1.a(CyFlash.o) (CySpcStart)
d:/school/summer 2020/soc/psoc creator/4.2/psoc creator/import/gnu/arm/5.4.1/bin/../lib/gcc/arm-none-eabi/5.4.1/../../../../arm-none-eabi/lib/armv7-m\libg_nano.a(lib_a-errno.o)
                              .\CortexM3\ARM_GCC_541\Debug\Cm3Start.o (__errno)
d:/school/summer 2020/soc/psoc creator/4.2/psoc creator/import/gnu/arm/5.4.1/bin/../lib/gcc/arm-none-eabi/5.4.1/../../../../arm-none-eabi/lib/armv7-m\libg_nano.a(lib_a-exit.o)
                              d:/school/summer 2020/soc/psoc creator/4.2/psoc creator/import/gnu/arm/5.4.1/bin/../lib/gcc/arm-none-eabi/5.4.1/../../../../arm-none-eabi/lib/armv7-m/crt0.o (exit)
d:/school/summer 2020/soc/psoc creator/4.2/psoc creator/import/gnu/arm/5.4.1/bin/../lib/gcc/arm-none-eabi/5.4.1/../../../../arm-none-eabi/lib/armv7-m\libg_nano.a(lib_a-impure.o)
                              d:/school/summer 2020/soc/psoc creator/4.2/psoc creator/import/gnu/arm/5.4.1/bin/../lib/gcc/arm-none-eabi/5.4.1/../../../../arm-none-eabi/lib/armv7-m\libg_nano.a(lib_a-exit.o) (_global_impure_ptr)
d:/school/summer 2020/soc/psoc creator/4.2/psoc creator/import/gnu/arm/5.4.1/bin/../lib/gcc/arm-none-eabi/5.4.1/../../../../arm-none-eabi/lib/armv7-m\libg_nano.a(lib_a-init.o)
                              d:/school/summer 2020/soc/psoc creator/4.2/psoc creator/import/gnu/arm/5.4.1/bin/../lib/gcc/arm-none-eabi/5.4.1/../../../../arm-none-eabi/lib/armv7-m/crt0.o (__libc_init_array)
d:/school/summer 2020/soc/psoc creator/4.2/psoc creator/import/gnu/arm/5.4.1/bin/../lib/gcc/arm-none-eabi/5.4.1/../../../../arm-none-eabi/lib/armv7-m\libg_nano.a(lib_a-memcpy-stub.o)
                              .\CortexM3\ARM_GCC_541\Debug\cyfitter_cfg.o (memcpy)
d:/school/summer 2020/soc/psoc creator/4.2/psoc creator/import/gnu/arm/5.4.1/bin/../lib/gcc/arm-none-eabi/5.4.1/../../../../arm-none-eabi/lib/armv7-m\libg_nano.a(lib_a-memset.o)
                              d:/school/summer 2020/soc/psoc creator/4.2/psoc creator/import/gnu/arm/5.4.1/bin/../lib/gcc/arm-none-eabi/5.4.1/../../../../arm-none-eabi/lib/armv7-m/crt0.o (memset)
d:/school/summer 2020/soc/psoc creator/4.2/psoc creator/import/gnu/arm/5.4.1/bin/../lib/gcc/arm-none-eabi/5.4.1/../../../../arm-none-eabi/lib/armv7-m\libg_nano.a(lib_a-sprintf.o)
                              .\CortexM3\ARM_GCC_541\Debug\main.o (sprintf)
d:/school/summer 2020/soc/psoc creator/4.2/psoc creator/import/gnu/arm/5.4.1/bin/../lib/gcc/arm-none-eabi/5.4.1/../../../../arm-none-eabi/lib/armv7-m\libg_nano.a(lib_a-nano-svfprintf.o)
                              d:/school/summer 2020/soc/psoc creator/4.2/psoc creator/import/gnu/arm/5.4.1/bin/../lib/gcc/arm-none-eabi/5.4.1/../../../../arm-none-eabi/lib/armv7-m\libg_nano.a(lib_a-sprintf.o) (_svfprintf_r)
d:/school/summer 2020/soc/psoc creator/4.2/psoc creator/import/gnu/arm/5.4.1/bin/../lib/gcc/arm-none-eabi/5.4.1/../../../../arm-none-eabi/lib/armv7-m\libg_nano.a(lib_a-nano-vfprintf_i.o)
                              d:/school/summer 2020/soc/psoc creator/4.2/psoc creator/import/gnu/arm/5.4.1/bin/../lib/gcc/arm-none-eabi/5.4.1/../../../../arm-none-eabi/lib/armv7-m\libg_nano.a(lib_a-nano-svfprintf.o) (_printf_i)
d:/school/summer 2020/soc/psoc creator/4.2/psoc creator/import/gnu/arm/5.4.1/bin/../lib/gcc/arm-none-eabi/5.4.1/../../../../arm-none-eabi/lib/armv7-m\libg_nano.a(lib_a-memchr-stub.o)
                              d:/school/summer 2020/soc/psoc creator/4.2/psoc creator/import/gnu/arm/5.4.1/bin/../lib/gcc/arm-none-eabi/5.4.1/../../../../arm-none-eabi/lib/armv7-m\libg_nano.a(lib_a-nano-svfprintf.o) (memchr)
d:/school/summer 2020/soc/psoc creator/4.2/psoc creator/import/gnu/arm/5.4.1/bin/../lib/gcc/arm-none-eabi/5.4.1/../../../../arm-none-eabi/lib/armv7-m\libg_nano.a(lib_a-memmove.o)
                              d:/school/summer 2020/soc/psoc creator/4.2/psoc creator/import/gnu/arm/5.4.1/bin/../lib/gcc/arm-none-eabi/5.4.1/../../../../arm-none-eabi/lib/armv7-m\libg_nano.a(lib_a-nano-svfprintf.o) (memmove)
d:/school/summer 2020/soc/psoc creator/4.2/psoc creator/import/gnu/arm/5.4.1/bin/../lib/gcc/arm-none-eabi/5.4.1/../../../../arm-none-eabi/lib/armv7-m\libg_nano.a(lib_a-nano-freer.o)
                              d:/school/summer 2020/soc/psoc creator/4.2/psoc creator/import/gnu/arm/5.4.1/bin/../lib/gcc/arm-none-eabi/5.4.1/../../../../arm-none-eabi/lib/armv7-m\libg_nano.a(lib_a-nano-svfprintf.o) (_free_r)
d:/school/summer 2020/soc/psoc creator/4.2/psoc creator/import/gnu/arm/5.4.1/bin/../lib/gcc/arm-none-eabi/5.4.1/../../../../arm-none-eabi/lib/armv7-m\libg_nano.a(lib_a-nano-mallocr.o)
                              d:/school/summer 2020/soc/psoc creator/4.2/psoc creator/import/gnu/arm/5.4.1/bin/../lib/gcc/arm-none-eabi/5.4.1/../../../../arm-none-eabi/lib/armv7-m\libg_nano.a(lib_a-nano-svfprintf.o) (_malloc_r)
d:/school/summer 2020/soc/psoc creator/4.2/psoc creator/import/gnu/arm/5.4.1/bin/../lib/gcc/arm-none-eabi/5.4.1/../../../../arm-none-eabi/lib/armv7-m\libg_nano.a(lib_a-nano-reallocr.o)
                              d:/school/summer 2020/soc/psoc creator/4.2/psoc creator/import/gnu/arm/5.4.1/bin/../lib/gcc/arm-none-eabi/5.4.1/../../../../arm-none-eabi/lib/armv7-m\libg_nano.a(lib_a-nano-svfprintf.o) (_realloc_r)
d:/school/summer 2020/soc/psoc creator/4.2/psoc creator/import/gnu/arm/5.4.1/bin/../lib/gcc/arm-none-eabi/5.4.1/../../../../arm-none-eabi/lib/armv7-m\libg_nano.a(lib_a-sbrkr.o)
                              d:/school/summer 2020/soc/psoc creator/4.2/psoc creator/import/gnu/arm/5.4.1/bin/../lib/gcc/arm-none-eabi/5.4.1/../../../../arm-none-eabi/lib/armv7-m\libg_nano.a(lib_a-nano-mallocr.o) (_sbrk_r)
d:/school/summer 2020/soc/psoc creator/4.2/psoc creator/import/gnu/arm/5.4.1/bin/../lib/gcc/arm-none-eabi/5.4.1/../../../../arm-none-eabi/lib/armv7-m\libg_nano.a(lib_a-mlock.o)
                              d:/school/summer 2020/soc/psoc creator/4.2/psoc creator/import/gnu/arm/5.4.1/bin/../lib/gcc/arm-none-eabi/5.4.1/../../../../arm-none-eabi/lib/armv7-m\libg_nano.a(lib_a-nano-freer.o) (__malloc_lock)
d:/school/summer 2020/soc/psoc creator/4.2/psoc creator/import/gnu/arm/5.4.1/bin/../lib/gcc/arm-none-eabi/5.4.1/../../../../arm-none-eabi/lib/armv7-m\libg_nano.a(lib_a-nano-msizer.o)
                              d:/school/summer 2020/soc/psoc creator/4.2/psoc creator/import/gnu/arm/5.4.1/bin/../lib/gcc/arm-none-eabi/5.4.1/../../../../arm-none-eabi/lib/armv7-m\libg_nano.a(lib_a-nano-reallocr.o) (_malloc_usable_size_r)
d:/school/summer 2020/soc/psoc creator/4.2/psoc creator/import/gnu/arm/5.4.1/bin/../lib/gcc/arm-none-eabi/5.4.1/../../../../arm-none-eabi/lib/armv7-m\libg_nano.a(lib_a-reent.o)
                              d:/school/summer 2020/soc/psoc creator/4.2/psoc creator/import/gnu/arm/5.4.1/bin/../lib/gcc/arm-none-eabi/5.4.1/../../../../arm-none-eabi/lib/armv7-m\libg_nano.a(lib_a-sbrkr.o) (errno)

Allocating common symbols
Common symbol       size              file

errno               0x4               d:/school/summer 2020/soc/psoc creator/4.2/psoc creator/import/gnu/arm/5.4.1/bin/../lib/gcc/arm-none-eabi/5.4.1/../../../../arm-none-eabi/lib/armv7-m\libg_nano.a(lib_a-reent.o)
dieTemperature      0x2               .\CortexM3\ARM_GCC_541\Debug\PSoC5_Ex1.a(CyFlash.o)

Discarded input sections

 .text          0x00000000        0x0 d:/school/summer 2020/soc/psoc creator/4.2/psoc creator/import/gnu/arm/5.4.1/bin/../lib/gcc/arm-none-eabi/5.4.1/armv7-m/crti.o
 .data          0x00000000        0x0 d:/school/summer 2020/soc/psoc creator/4.2/psoc creator/import/gnu/arm/5.4.1/bin/../lib/gcc/arm-none-eabi/5.4.1/armv7-m/crti.o
 .bss           0x00000000        0x0 d:/school/summer 2020/soc/psoc creator/4.2/psoc creator/import/gnu/arm/5.4.1/bin/../lib/gcc/arm-none-eabi/5.4.1/armv7-m/crti.o
 .data          0x00000000        0x4 d:/school/summer 2020/soc/psoc creator/4.2/psoc creator/import/gnu/arm/5.4.1/bin/../lib/gcc/arm-none-eabi/5.4.1/armv7-m/crtbegin.o
 .text          0x00000000       0x74 d:/school/summer 2020/soc/psoc creator/4.2/psoc creator/import/gnu/arm/5.4.1/bin/../lib/gcc/arm-none-eabi/5.4.1/../../../../arm-none-eabi/lib/armv7-m/crt0.o
 .data          0x00000000        0x0 d:/school/summer 2020/soc/psoc creator/4.2/psoc creator/import/gnu/arm/5.4.1/bin/../lib/gcc/arm-none-eabi/5.4.1/../../../../arm-none-eabi/lib/armv7-m/crt0.o
 .bss           0x00000000        0x0 d:/school/summer 2020/soc/psoc creator/4.2/psoc creator/import/gnu/arm/5.4.1/bin/../lib/gcc/arm-none-eabi/5.4.1/../../../../arm-none-eabi/lib/armv7-m/crt0.o
 .ARM.extab     0x00000000        0x0 d:/school/summer 2020/soc/psoc creator/4.2/psoc creator/import/gnu/arm/5.4.1/bin/../lib/gcc/arm-none-eabi/5.4.1/../../../../arm-none-eabi/lib/armv7-m/crt0.o
 .ARM.exidx     0x00000000        0x8 d:/school/summer 2020/soc/psoc creator/4.2/psoc creator/import/gnu/arm/5.4.1/bin/../lib/gcc/arm-none-eabi/5.4.1/../../../../arm-none-eabi/lib/armv7-m/crt0.o
 .text          0x00000000        0x0 .\CortexM3\ARM_GCC_541\Debug\main.o
 .data          0x00000000        0x0 .\CortexM3\ARM_GCC_541\Debug\main.o
 .bss           0x00000000        0x0 .\CortexM3\ARM_GCC_541\Debug\main.o
 .text          0x00000000        0x0 .\CortexM3\ARM_GCC_541\Debug\cyfitter_cfg.o
 .data          0x00000000        0x0 .\CortexM3\ARM_GCC_541\Debug\cyfitter_cfg.o
 .bss           0x00000000        0x0 .\CortexM3\ARM_GCC_541\Debug\cyfitter_cfg.o
 .text.SetAnalogRoutingPumps
                0x00000000       0x10 .\CortexM3\ARM_GCC_541\Debug\cyfitter_cfg.o
 .text          0x00000000        0x0 .\CortexM3\ARM_GCC_541\Debug\cymetadata.o
 .data          0x00000000        0x0 .\CortexM3\ARM_GCC_541\Debug\cymetadata.o
 .bss           0x00000000        0x0 .\CortexM3\ARM_GCC_541\Debug\cymetadata.o
 .text          0x00000000        0x0 .\CortexM3\ARM_GCC_541\Debug\Cm3Start.o
 .bss           0x00000000        0x0 .\CortexM3\ARM_GCC_541\Debug\Cm3Start.o
 .text._exit    0x00000000        0xc .\CortexM3\ARM_GCC_541\Debug\Cm3Start.o
 .text          0x00000000        0x0 .\CortexM3\ARM_GCC_541\Debug\PSoC5_Ex1.a(CyLib.o)
 .bss           0x00000000       0x1c .\CortexM3\ARM_GCC_541\Debug\PSoC5_Ex1.a(CyLib.o)
 .text.CyUSB_PowerOnCheck
                0x00000000       0x48 .\CortexM3\ARM_GCC_541\Debug\PSoC5_Ex1.a(CyLib.o)
 .text.CyBusClk_Internal_SetDivider
                0x00000000       0x48 .\CortexM3\ARM_GCC_541\Debug\PSoC5_Ex1.a(CyLib.o)
 .text.CyPLL_OUT_Stop
                0x00000000       0x10 .\CortexM3\ARM_GCC_541\Debug\PSoC5_Ex1.a(CyLib.o)
 .text.CyIMO_Stop
                0x00000000       0x1c .\CortexM3\ARM_GCC_541\Debug\PSoC5_Ex1.a(CyLib.o)
 .text.CyIMO_EnableDoubler
                0x00000000       0x10 .\CortexM3\ARM_GCC_541\Debug\PSoC5_Ex1.a(CyLib.o)
 .text.CyIMO_DisableDoubler
                0x00000000       0x10 .\CortexM3\ARM_GCC_541\Debug\PSoC5_Ex1.a(CyLib.o)
 .text.CyMasterClk_SetSource
                0x00000000       0x18 .\CortexM3\ARM_GCC_541\Debug\PSoC5_Ex1.a(CyLib.o)
 .text.CyMasterClk_SetDivider
                0x00000000        0xc .\CortexM3\ARM_GCC_541\Debug\PSoC5_Ex1.a(CyLib.o)
 .text.CyBusClk_SetDivider
                0x00000000       0x70 .\CortexM3\ARM_GCC_541\Debug\PSoC5_Ex1.a(CyLib.o)
 .text.CyUsbClk_SetSource
                0x00000000       0x18 .\CortexM3\ARM_GCC_541\Debug\PSoC5_Ex1.a(CyLib.o)
 .text.CyILO_Start1K
                0x00000000       0x10 .\CortexM3\ARM_GCC_541\Debug\PSoC5_Ex1.a(CyLib.o)
 .text.CyILO_Stop1K
                0x00000000       0x10 .\CortexM3\ARM_GCC_541\Debug\PSoC5_Ex1.a(CyLib.o)
 .text.CyILO_Start100K
                0x00000000       0x10 .\CortexM3\ARM_GCC_541\Debug\PSoC5_Ex1.a(CyLib.o)
 .text.CyILO_Stop100K
                0x00000000       0x10 .\CortexM3\ARM_GCC_541\Debug\PSoC5_Ex1.a(CyLib.o)
 .text.CyPLL_OUT_Start
                0x00000000       0x78 .\CortexM3\ARM_GCC_541\Debug\PSoC5_Ex1.a(CyLib.o)
 .text.CyIMO_Start
                0x00000000       0x60 .\CortexM3\ARM_GCC_541\Debug\PSoC5_Ex1.a(CyLib.o)
 .text.CyILO_Enable33K
                0x00000000       0x10 .\CortexM3\ARM_GCC_541\Debug\PSoC5_Ex1.a(CyLib.o)
 .text.CyILO_Disable33K
                0x00000000       0x10 .\CortexM3\ARM_GCC_541\Debug\PSoC5_Ex1.a(CyLib.o)
 .text.CyILO_SetSource
                0x00000000       0x18 .\CortexM3\ARM_GCC_541\Debug\PSoC5_Ex1.a(CyLib.o)
 .text.CyILO_SetPowerMode
                0x00000000       0x24 .\CortexM3\ARM_GCC_541\Debug\PSoC5_Ex1.a(CyLib.o)
 .text.CyXTAL_32KHZ_Stop
                0x00000000       0x30 .\CortexM3\ARM_GCC_541\Debug\PSoC5_Ex1.a(CyLib.o)
 .text.CyXTAL_32KHZ_ReadStatus
                0x00000000       0x10 .\CortexM3\ARM_GCC_541\Debug\PSoC5_Ex1.a(CyLib.o)
 .text.CyXTAL_Start
                0x00000000       0xac .\CortexM3\ARM_GCC_541\Debug\PSoC5_Ex1.a(CyLib.o)
 .text.CyXTAL_Stop
                0x00000000       0x10 .\CortexM3\ARM_GCC_541\Debug\PSoC5_Ex1.a(CyLib.o)
 .text.CyXTAL_EnableErrStatus
                0x00000000       0x10 .\CortexM3\ARM_GCC_541\Debug\PSoC5_Ex1.a(CyLib.o)
 .text.CyXTAL_DisableErrStatus
                0x00000000       0x10 .\CortexM3\ARM_GCC_541\Debug\PSoC5_Ex1.a(CyLib.o)
 .text.CyXTAL_ReadStatus
                0x00000000       0x18 .\CortexM3\ARM_GCC_541\Debug\PSoC5_Ex1.a(CyLib.o)
 .text.CyXTAL_EnableFaultRecovery
                0x00000000       0x10 .\CortexM3\ARM_GCC_541\Debug\PSoC5_Ex1.a(CyLib.o)
 .text.CyXTAL_DisableFaultRecovery
                0x00000000       0x10 .\CortexM3\ARM_GCC_541\Debug\PSoC5_Ex1.a(CyLib.o)
 .text.CyXTAL_SetStartup
                0x00000000       0x18 .\CortexM3\ARM_GCC_541\Debug\PSoC5_Ex1.a(CyLib.o)
 .text.CyXTAL_SetFbVoltage
                0x00000000       0x18 .\CortexM3\ARM_GCC_541\Debug\PSoC5_Ex1.a(CyLib.o)
 .text.CyXTAL_SetWdVoltage
                0x00000000       0x18 .\CortexM3\ARM_GCC_541\Debug\PSoC5_Ex1.a(CyLib.o)
 .text.CyHalt   0x00000000        0x4 .\CortexM3\ARM_GCC_541\Debug\PSoC5_Ex1.a(CyLib.o)
 .text.CyPLL_OUT_SetPQ
                0x00000000       0x60 .\CortexM3\ARM_GCC_541\Debug\PSoC5_Ex1.a(CyLib.o)
 .text.CyPLL_OUT_SetSource
                0x00000000       0x34 .\CortexM3\ARM_GCC_541\Debug\PSoC5_Ex1.a(CyLib.o)
 .text.CyIMO_SetTrimValue
                0x00000000       0xcc .\CortexM3\ARM_GCC_541\Debug\PSoC5_Ex1.a(CyLib.o)
 .text.CyIMO_SetFreq
                0x00000000       0xf4 .\CortexM3\ARM_GCC_541\Debug\PSoC5_Ex1.a(CyLib.o)
 .text.CyIMO_SetSource
                0x00000000       0x58 .\CortexM3\ARM_GCC_541\Debug\PSoC5_Ex1.a(CyLib.o)
 .text.CySoftwareReset
                0x00000000       0x10 .\CortexM3\ARM_GCC_541\Debug\PSoC5_Ex1.a(CyLib.o)
 .text.CyDelayUs
                0x00000000       0x14 .\CortexM3\ARM_GCC_541\Debug\PSoC5_Ex1.a(CyLib.o)
 .text.CyXTAL_32KHZ_SetPowerMode
                0x00000000       0x84 .\CortexM3\ARM_GCC_541\Debug\PSoC5_Ex1.a(CyLib.o)
 .text.CyXTAL_32KHZ_Start
                0x00000000       0x74 .\CortexM3\ARM_GCC_541\Debug\PSoC5_Ex1.a(CyLib.o)
 .text.CyDelayFreq
                0x00000000       0x4c .\CortexM3\ARM_GCC_541\Debug\PSoC5_Ex1.a(CyLib.o)
 .text.CyWdtStart
                0x00000000       0x40 .\CortexM3\ARM_GCC_541\Debug\PSoC5_Ex1.a(CyLib.o)
 .text.CyWdtClear
                0x00000000        0xc .\CortexM3\ARM_GCC_541\Debug\PSoC5_Ex1.a(CyLib.o)
 .text.CyVdStickyStatus
                0x00000000       0x2c .\CortexM3\ARM_GCC_541\Debug\PSoC5_Ex1.a(CyLib.o)
 .text.CyVdLvDigitEnable
                0x00000000       0x84 .\CortexM3\ARM_GCC_541\Debug\PSoC5_Ex1.a(CyLib.o)
 .text.CyVdLvAnalogEnable
                0x00000000       0x80 .\CortexM3\ARM_GCC_541\Debug\PSoC5_Ex1.a(CyLib.o)
 .text.CyVdLvDigitDisable
                0x00000000       0x30 .\CortexM3\ARM_GCC_541\Debug\PSoC5_Ex1.a(CyLib.o)
 .text.CyVdLvAnalogDisable
                0x00000000       0x28 .\CortexM3\ARM_GCC_541\Debug\PSoC5_Ex1.a(CyLib.o)
 .text.CyVdHvAnalogEnable
                0x00000000       0x54 .\CortexM3\ARM_GCC_541\Debug\PSoC5_Ex1.a(CyLib.o)
 .text.CyVdHvAnalogDisable
                0x00000000       0x20 .\CortexM3\ARM_GCC_541\Debug\PSoC5_Ex1.a(CyLib.o)
 .text.CyVdRealTimeStatus
                0x00000000       0x1c .\CortexM3\ARM_GCC_541\Debug\PSoC5_Ex1.a(CyLib.o)
 .text.CyDisableInts
                0x00000000       0x1c .\CortexM3\ARM_GCC_541\Debug\PSoC5_Ex1.a(CyLib.o)
 .text.CyEnableInts
                0x00000000       0x18 .\CortexM3\ARM_GCC_541\Debug\PSoC5_Ex1.a(CyLib.o)
 .text.CyFlushCache
                0x00000000       0x44 .\CortexM3\ARM_GCC_541\Debug\PSoC5_Ex1.a(CyLib.o)
 .text.CyIntSetSysVector
                0x00000000       0x28 .\CortexM3\ARM_GCC_541\Debug\PSoC5_Ex1.a(CyLib.o)
 .text.CyIntGetSysVector
                0x00000000       0x20 .\CortexM3\ARM_GCC_541\Debug\PSoC5_Ex1.a(CyLib.o)
 .text.CyIntSetVector
                0x00000000       0x28 .\CortexM3\ARM_GCC_541\Debug\PSoC5_Ex1.a(CyLib.o)
 .text.CyIntGetVector
                0x00000000       0x24 .\CortexM3\ARM_GCC_541\Debug\PSoC5_Ex1.a(CyLib.o)
 .text.CyIntSetPriority
                0x00000000       0x30 .\CortexM3\ARM_GCC_541\Debug\PSoC5_Ex1.a(CyLib.o)
 .text.CyIntGetPriority
                0x00000000       0x20 .\CortexM3\ARM_GCC_541\Debug\PSoC5_Ex1.a(CyLib.o)
 .text.CyIntGetState
                0x00000000       0x24 .\CortexM3\ARM_GCC_541\Debug\PSoC5_Ex1.a(CyLib.o)
 .text.CySysTickStop
                0x00000000       0x10 .\CortexM3\ARM_GCC_541\Debug\PSoC5_Ex1.a(CyLib.o)
 .text.CySysTickEnableInterrupt
                0x00000000       0x10 .\CortexM3\ARM_GCC_541\Debug\PSoC5_Ex1.a(CyLib.o)
 .text.CySysTickEnable
                0x00000000       0x18 .\CortexM3\ARM_GCC_541\Debug\PSoC5_Ex1.a(CyLib.o)
 .text.CySysTickDisableInterrupt
                0x00000000       0x10 .\CortexM3\ARM_GCC_541\Debug\PSoC5_Ex1.a(CyLib.o)
 .text.CySysTickSetReload
                0x00000000       0x10 .\CortexM3\ARM_GCC_541\Debug\PSoC5_Ex1.a(CyLib.o)
 .text.CySysTickGetReload
                0x00000000       0x10 .\CortexM3\ARM_GCC_541\Debug\PSoC5_Ex1.a(CyLib.o)
 .text.CySysTickGetValue
                0x00000000       0x10 .\CortexM3\ARM_GCC_541\Debug\PSoC5_Ex1.a(CyLib.o)
 .text.CySysTickSetClockSource
                0x00000000       0x20 .\CortexM3\ARM_GCC_541\Debug\PSoC5_Ex1.a(CyLib.o)
 .text.CySysTickGetClockSource
                0x00000000       0x10 .\CortexM3\ARM_GCC_541\Debug\PSoC5_Ex1.a(CyLib.o)
 .text.CySysTickGetCountFlag
                0x00000000       0x10 .\CortexM3\ARM_GCC_541\Debug\PSoC5_Ex1.a(CyLib.o)
 .text.CySysTickServiceCallbacks
                0x00000000       0x28 .\CortexM3\ARM_GCC_541\Debug\PSoC5_Ex1.a(CyLib.o)
 .text.CySysTickClear
                0x00000000        0xc .\CortexM3\ARM_GCC_541\Debug\PSoC5_Ex1.a(CyLib.o)
 .text.CySysTickInit
                0x00000000       0x58 .\CortexM3\ARM_GCC_541\Debug\PSoC5_Ex1.a(CyLib.o)
 .text.CySysTickStart
                0x00000000       0x1c .\CortexM3\ARM_GCC_541\Debug\PSoC5_Ex1.a(CyLib.o)
 .text.CySysTickSetCallback
                0x00000000       0x10 .\CortexM3\ARM_GCC_541\Debug\PSoC5_Ex1.a(CyLib.o)
 .text.CySysTickGetCallback
                0x00000000       0x10 .\CortexM3\ARM_GCC_541\Debug\PSoC5_Ex1.a(CyLib.o)
 .text.CyGetUniqueId
                0x00000000       0x70 .\CortexM3\ARM_GCC_541\Debug\PSoC5_Ex1.a(CyLib.o)
 .text          0x00000000        0x0 .\CortexM3\ARM_GCC_541\Debug\PSoC5_Ex1.a(cyPm.o)
 .data          0x00000000        0x0 .\CortexM3\ARM_GCC_541\Debug\PSoC5_Ex1.a(cyPm.o)
 .bss           0x00000000       0x43 .\CortexM3\ARM_GCC_541\Debug\PSoC5_Ex1.a(cyPm.o)
 .text.CyPmHibSlpSaveSet
                0x00000000      0x1dc .\CortexM3\ARM_GCC_541\Debug\PSoC5_Ex1.a(cyPm.o)
 .text.CyPmHibSlpRestore
                0x00000000       0xd8 .\CortexM3\ARM_GCC_541\Debug\PSoC5_Ex1.a(cyPm.o)
 .text.CyPmHviLviSaveDisable
                0x00000000       0xa0 .\CortexM3\ARM_GCC_541\Debug\PSoC5_Ex1.a(cyPm.o)
 .text.CyPmHibSaveSet
                0x00000000       0x98 .\CortexM3\ARM_GCC_541\Debug\PSoC5_Ex1.a(cyPm.o)
 .text.CyPmHviLviRestore
                0x00000000       0x48 .\CortexM3\ARM_GCC_541\Debug\PSoC5_Ex1.a(cyPm.o)
 .text.CyPmHibRestore
                0x00000000       0x60 .\CortexM3\ARM_GCC_541\Debug\PSoC5_Ex1.a(cyPm.o)
 .text.CyPmSaveClocks
                0x00000000      0x218 .\CortexM3\ARM_GCC_541\Debug\PSoC5_Ex1.a(cyPm.o)
 .text.CyPmRestoreClocks
                0x00000000      0x24c .\CortexM3\ARM_GCC_541\Debug\PSoC5_Ex1.a(cyPm.o)
 .text.CyPmAltAct
                0x00000000       0x6c .\CortexM3\ARM_GCC_541\Debug\PSoC5_Ex1.a(cyPm.o)
 .text.CyPmSleep
                0x00000000       0xf4 .\CortexM3\ARM_GCC_541\Debug\PSoC5_Ex1.a(cyPm.o)
 .text.CyPmHibernateEx
                0x00000000       0xf4 .\CortexM3\ARM_GCC_541\Debug\PSoC5_Ex1.a(cyPm.o)
 .text.CyPmHibernate
                0x00000000        0xc .\CortexM3\ARM_GCC_541\Debug\PSoC5_Ex1.a(cyPm.o)
 .text.CyPmReadStatus
                0x00000000       0x30 .\CortexM3\ARM_GCC_541\Debug\PSoC5_Ex1.a(cyPm.o)
 .text.CyPmCtwSetInterval
                0x00000000       0x5c .\CortexM3\ARM_GCC_541\Debug\PSoC5_Ex1.a(cyPm.o)
 .text.CyPmOppsSet
                0x00000000       0x2c .\CortexM3\ARM_GCC_541\Debug\PSoC5_Ex1.a(cyPm.o)
 .text.CyPmFtwSetInterval
                0x00000000       0x5c .\CortexM3\ARM_GCC_541\Debug\PSoC5_Ex1.a(cyPm.o)
 .rodata        0x00000000        0xf .\CortexM3\ARM_GCC_541\Debug\PSoC5_Ex1.a(cyPm.o)
 .text          0x00000000        0x0 .\CortexM3\ARM_GCC_541\Debug\PSoC5_Ex1.a(LED1.o)
 .data          0x00000000        0x0 .\CortexM3\ARM_GCC_541\Debug\PSoC5_Ex1.a(LED1.o)
 .bss           0x00000000        0x0 .\CortexM3\ARM_GCC_541\Debug\PSoC5_Ex1.a(LED1.o)
 .text.LED1_SetDriveMode
                0x00000000       0x18 .\CortexM3\ARM_GCC_541\Debug\PSoC5_Ex1.a(LED1.o)
 .text.LED1_Read
                0x00000000       0x10 .\CortexM3\ARM_GCC_541\Debug\PSoC5_Ex1.a(LED1.o)
 .text.LED1_ReadDataReg
                0x00000000       0x10 .\CortexM3\ARM_GCC_541\Debug\PSoC5_Ex1.a(LED1.o)
 .text          0x00000000        0x0 .\CortexM3\ARM_GCC_541\Debug\PSoC5_Ex1.a(Button.o)
 .data          0x00000000        0x0 .\CortexM3\ARM_GCC_541\Debug\PSoC5_Ex1.a(Button.o)
 .bss           0x00000000        0x0 .\CortexM3\ARM_GCC_541\Debug\PSoC5_Ex1.a(Button.o)
 .text.Button_Write
                0x00000000       0x18 .\CortexM3\ARM_GCC_541\Debug\PSoC5_Ex1.a(Button.o)
 .text.Button_SetDriveMode
                0x00000000       0x18 .\CortexM3\ARM_GCC_541\Debug\PSoC5_Ex1.a(Button.o)
 .text.Button_ReadDataReg
                0x00000000       0x10 .\CortexM3\ARM_GCC_541\Debug\PSoC5_Ex1.a(Button.o)
 .text          0x00000000        0x0 .\CortexM3\ARM_GCC_541\Debug\PSoC5_Ex1.a(UART.o)
 .data          0x00000000        0x0 .\CortexM3\ARM_GCC_541\Debug\PSoC5_Ex1.a(UART.o)
 .text.UART_Stop
                0x00000000       0x3c .\CortexM3\ARM_GCC_541\Debug\PSoC5_Ex1.a(UART.o)
 .text.UART_ReadControlRegister
                0x00000000        0x4 .\CortexM3\ARM_GCC_541\Debug\PSoC5_Ex1.a(UART.o)
 .text.UART_WriteControlRegister
                0x00000000        0x4 .\CortexM3\ARM_GCC_541\Debug\PSoC5_Ex1.a(UART.o)
 .text.UART_SetRxInterruptMode
                0x00000000        0xc .\CortexM3\ARM_GCC_541\Debug\PSoC5_Ex1.a(UART.o)
 .text.UART_ReadRxData
                0x00000000        0xc .\CortexM3\ARM_GCC_541\Debug\PSoC5_Ex1.a(UART.o)
 .text.UART_ReadRxStatus
                0x00000000       0x10 .\CortexM3\ARM_GCC_541\Debug\PSoC5_Ex1.a(UART.o)
 .text.UART_GetByte
                0x00000000       0x14 .\CortexM3\ARM_GCC_541\Debug\PSoC5_Ex1.a(UART.o)
 .text.UART_GetRxBufferSize
                0x00000000       0x18 .\CortexM3\ARM_GCC_541\Debug\PSoC5_Ex1.a(UART.o)
 .text.UART_ClearRxBuffer
                0x00000000       0x24 .\CortexM3\ARM_GCC_541\Debug\PSoC5_Ex1.a(UART.o)
 .text.UART_SetRxAddressMode
                0x00000000        0x4 .\CortexM3\ARM_GCC_541\Debug\PSoC5_Ex1.a(UART.o)
 .text.UART_SetRxAddress1
                0x00000000        0xc .\CortexM3\ARM_GCC_541\Debug\PSoC5_Ex1.a(UART.o)
 .text.UART_SetRxAddress2
                0x00000000        0xc .\CortexM3\ARM_GCC_541\Debug\PSoC5_Ex1.a(UART.o)
 .text.UART_SetTxInterruptMode
                0x00000000        0xc .\CortexM3\ARM_GCC_541\Debug\PSoC5_Ex1.a(UART.o)
 .text.UART_WriteTxData
                0x00000000       0x14 .\CortexM3\ARM_GCC_541\Debug\PSoC5_Ex1.a(UART.o)
 .text.UART_ReadTxStatus
                0x00000000        0xc .\CortexM3\ARM_GCC_541\Debug\PSoC5_Ex1.a(UART.o)
 .text.UART_PutArray
                0x00000000       0x28 .\CortexM3\ARM_GCC_541\Debug\PSoC5_Ex1.a(UART.o)
 .text.UART_PutCRLF
                0x00000000       0x20 .\CortexM3\ARM_GCC_541\Debug\PSoC5_Ex1.a(UART.o)
 .text.UART_GetTxBufferSize
                0x00000000       0x24 .\CortexM3\ARM_GCC_541\Debug\PSoC5_Ex1.a(UART.o)
 .text.UART_ClearTxBuffer
                0x00000000       0x24 .\CortexM3\ARM_GCC_541\Debug\PSoC5_Ex1.a(UART.o)
 .text.UART_SendBreak
                0x00000000       0x58 .\CortexM3\ARM_GCC_541\Debug\PSoC5_Ex1.a(UART.o)
 .text.UART_SetTxAddressMode
                0x00000000        0x4 .\CortexM3\ARM_GCC_541\Debug\PSoC5_Ex1.a(UART.o)
 .text          0x00000000        0x0 .\CortexM3\ARM_GCC_541\Debug\PSoC5_Ex1.a(UART_IntClock.o)
 .data          0x00000000        0x0 .\CortexM3\ARM_GCC_541\Debug\PSoC5_Ex1.a(UART_IntClock.o)
 .bss           0x00000000        0x0 .\CortexM3\ARM_GCC_541\Debug\PSoC5_Ex1.a(UART_IntClock.o)
 .text.UART_IntClock_Stop
                0x00000000       0x1c .\CortexM3\ARM_GCC_541\Debug\PSoC5_Ex1.a(UART_IntClock.o)
 .text.UART_IntClock_StopBlock
                0x00000000       0x6c .\CortexM3\ARM_GCC_541\Debug\PSoC5_Ex1.a(UART_IntClock.o)
 .text.UART_IntClock_StandbyPower
                0x00000000       0x20 .\CortexM3\ARM_GCC_541\Debug\PSoC5_Ex1.a(UART_IntClock.o)
 .text.UART_IntClock_GetDividerRegister
                0x00000000        0xc .\CortexM3\ARM_GCC_541\Debug\PSoC5_Ex1.a(UART_IntClock.o)
 .text.UART_IntClock_SetModeRegister
                0x00000000       0x14 .\CortexM3\ARM_GCC_541\Debug\PSoC5_Ex1.a(UART_IntClock.o)
 .text.UART_IntClock_ClearModeRegister
                0x00000000       0x18 .\CortexM3\ARM_GCC_541\Debug\PSoC5_Ex1.a(UART_IntClock.o)
 .text.UART_IntClock_GetModeRegister
                0x00000000       0x10 .\CortexM3\ARM_GCC_541\Debug\PSoC5_Ex1.a(UART_IntClock.o)
 .text.UART_IntClock_GetSourceRegister
                0x00000000       0x10 .\CortexM3\ARM_GCC_541\Debug\PSoC5_Ex1.a(UART_IntClock.o)
 .text.UART_IntClock_SetDividerRegister
                0x00000000       0xd8 .\CortexM3\ARM_GCC_541\Debug\PSoC5_Ex1.a(UART_IntClock.o)
 .text.UART_IntClock_SetSourceRegister
                0x00000000       0x5c .\CortexM3\ARM_GCC_541\Debug\PSoC5_Ex1.a(UART_IntClock.o)
 .data          0x00000000        0x0 .\CortexM3\ARM_GCC_541\Debug\PSoC5_Ex1.a(CyBootAsmGnu.o)
 .bss           0x00000000        0x0 .\CortexM3\ARM_GCC_541\Debug\PSoC5_Ex1.a(CyBootAsmGnu.o)
 .text          0x00000000        0x0 .\CortexM3\ARM_GCC_541\Debug\PSoC5_Ex1.a(CyFlash.o)
 .data          0x00000000        0x0 .\CortexM3\ARM_GCC_541\Debug\PSoC5_Ex1.a(CyFlash.o)
 .bss           0x00000000        0x0 .\CortexM3\ARM_GCC_541\Debug\PSoC5_Ex1.a(CyFlash.o)
 .text.CySetTempInt
                0x00000000       0x60 .\CortexM3\ARM_GCC_541\Debug\PSoC5_Ex1.a(CyFlash.o)
 .text.CyFlash_Start
                0x00000000       0x54 .\CortexM3\ARM_GCC_541\Debug\PSoC5_Ex1.a(CyFlash.o)
 .text.CyFlash_Stop
                0x00000000       0x24 .\CortexM3\ARM_GCC_541\Debug\PSoC5_Ex1.a(CyFlash.o)
 .text.CyFlash_EraseRow
                0x00000000       0x78 .\CortexM3\ARM_GCC_541\Debug\PSoC5_Ex1.a(CyFlash.o)
 .text.CyFlashGetSpcAlgorithm
                0x00000000       0x4c .\CortexM3\ARM_GCC_541\Debug\PSoC5_Ex1.a(CyFlash.o)
 .text.CySetTemp
                0x00000000       0x14 .\CortexM3\ARM_GCC_541\Debug\PSoC5_Ex1.a(CyFlash.o)
 .text.CySetFlashEEBuffer
                0x00000000       0x20 .\CortexM3\ARM_GCC_541\Debug\PSoC5_Ex1.a(CyFlash.o)
 .text.CyWriteRowFull
                0x00000000       0xf8 .\CortexM3\ARM_GCC_541\Debug\PSoC5_Ex1.a(CyFlash.o)
 .text.CyWriteRowData
                0x00000000       0x14 .\CortexM3\ARM_GCC_541\Debug\PSoC5_Ex1.a(CyFlash.o)
 .text.CyFlash_SetWaitCycles
                0x00000000       0x7c .\CortexM3\ARM_GCC_541\Debug\PSoC5_Ex1.a(CyFlash.o)
 .text.CyEEPROM_Start
                0x00000000       0x54 .\CortexM3\ARM_GCC_541\Debug\PSoC5_Ex1.a(CyFlash.o)
 .text.CyEEPROM_Stop
                0x00000000       0x24 .\CortexM3\ARM_GCC_541\Debug\PSoC5_Ex1.a(CyFlash.o)
 .text.CyEEPROM_ReadReserve
                0x00000000       0x1c .\CortexM3\ARM_GCC_541\Debug\PSoC5_Ex1.a(CyFlash.o)
 .text.CyEEPROM_ReadRelease
                0x00000000       0x10 .\CortexM3\ARM_GCC_541\Debug\PSoC5_Ex1.a(CyFlash.o)
 COMMON         0x00000000        0x2 .\CortexM3\ARM_GCC_541\Debug\PSoC5_Ex1.a(CyFlash.o)
 .text          0x00000000        0x0 .\CortexM3\ARM_GCC_541\Debug\PSoC5_Ex1.a(CySpc.o)
 .data          0x00000000        0x0 .\CortexM3\ARM_GCC_541\Debug\PSoC5_Ex1.a(CySpc.o)
 .bss           0x00000000        0x8 .\CortexM3\ARM_GCC_541\Debug\PSoC5_Ex1.a(CySpc.o)
 .text.CySpcStart
                0x00000000       0x24 .\CortexM3\ARM_GCC_541\Debug\PSoC5_Ex1.a(CySpc.o)
 .text.CySpcStop
                0x00000000       0x24 .\CortexM3\ARM_GCC_541\Debug\PSoC5_Ex1.a(CySpc.o)
 .text.CySpcReadData
                0x00000000       0x34 .\CortexM3\ARM_GCC_541\Debug\PSoC5_Ex1.a(CySpc.o)
 .text.CySpcLoadMultiByte
                0x00000000       0x78 .\CortexM3\ARM_GCC_541\Debug\PSoC5_Ex1.a(CySpc.o)
 .text.CySpcLoadRow
                0x00000000       0x50 .\CortexM3\ARM_GCC_541\Debug\PSoC5_Ex1.a(CySpc.o)
 .text.CySpcLoadRowFull
                0x00000000       0x80 .\CortexM3\ARM_GCC_541\Debug\PSoC5_Ex1.a(CySpc.o)
 .text.CySpcWriteRow
                0x00000000       0x4c .\CortexM3\ARM_GCC_541\Debug\PSoC5_Ex1.a(CySpc.o)
 .text.CySpcEraseSector
                0x00000000       0x3c .\CortexM3\ARM_GCC_541\Debug\PSoC5_Ex1.a(CySpc.o)
 .text.CySpcEraseRow
                0x00000000       0x4c .\CortexM3\ARM_GCC_541\Debug\PSoC5_Ex1.a(CySpc.o)
 .text.CySpcGetTemp
                0x00000000       0x3c .\CortexM3\ARM_GCC_541\Debug\PSoC5_Ex1.a(CySpc.o)
 .text.CySpcLock
                0x00000000       0x4c .\CortexM3\ARM_GCC_541\Debug\PSoC5_Ex1.a(CySpc.o)
 .text.CySpcUnlock
                0x00000000       0x38 .\CortexM3\ARM_GCC_541\Debug\PSoC5_Ex1.a(CySpc.o)
 .text.CySpcGetAlgorithm
                0x00000000       0x28 .\CortexM3\ARM_GCC_541\Debug\PSoC5_Ex1.a(CySpc.o)
 .text          0x00000000        0x0 d:/school/summer 2020/soc/psoc creator/4.2/psoc creator/import/gnu/arm/5.4.1/bin/../lib/gcc/arm-none-eabi/5.4.1/../../../../arm-none-eabi/lib/armv7-m\libg_nano.a(lib_a-errno.o)
 .data          0x00000000        0x0 d:/school/summer 2020/soc/psoc creator/4.2/psoc creator/import/gnu/arm/5.4.1/bin/../lib/gcc/arm-none-eabi/5.4.1/../../../../arm-none-eabi/lib/armv7-m\libg_nano.a(lib_a-errno.o)
 .bss           0x00000000        0x0 d:/school/summer 2020/soc/psoc creator/4.2/psoc creator/import/gnu/arm/5.4.1/bin/../lib/gcc/arm-none-eabi/5.4.1/../../../../arm-none-eabi/lib/armv7-m\libg_nano.a(lib_a-errno.o)
 .text          0x00000000        0x0 d:/school/summer 2020/soc/psoc creator/4.2/psoc creator/import/gnu/arm/5.4.1/bin/../lib/gcc/arm-none-eabi/5.4.1/../../../../arm-none-eabi/lib/armv7-m\libg_nano.a(lib_a-exit.o)
 .data          0x00000000        0x0 d:/school/summer 2020/soc/psoc creator/4.2/psoc creator/import/gnu/arm/5.4.1/bin/../lib/gcc/arm-none-eabi/5.4.1/../../../../arm-none-eabi/lib/armv7-m\libg_nano.a(lib_a-exit.o)
 .bss           0x00000000        0x0 d:/school/summer 2020/soc/psoc creator/4.2/psoc creator/import/gnu/arm/5.4.1/bin/../lib/gcc/arm-none-eabi/5.4.1/../../../../arm-none-eabi/lib/armv7-m\libg_nano.a(lib_a-exit.o)
 .text.exit     0x00000000       0x28 d:/school/summer 2020/soc/psoc creator/4.2/psoc creator/import/gnu/arm/5.4.1/bin/../lib/gcc/arm-none-eabi/5.4.1/../../../../arm-none-eabi/lib/armv7-m\libg_nano.a(lib_a-exit.o)
 .text          0x00000000        0x0 d:/school/summer 2020/soc/psoc creator/4.2/psoc creator/import/gnu/arm/5.4.1/bin/../lib/gcc/arm-none-eabi/5.4.1/../../../../arm-none-eabi/lib/armv7-m\libg_nano.a(lib_a-impure.o)
 .data          0x00000000        0x0 d:/school/summer 2020/soc/psoc creator/4.2/psoc creator/import/gnu/arm/5.4.1/bin/../lib/gcc/arm-none-eabi/5.4.1/../../../../arm-none-eabi/lib/armv7-m\libg_nano.a(lib_a-impure.o)
 .bss           0x00000000        0x0 d:/school/summer 2020/soc/psoc creator/4.2/psoc creator/import/gnu/arm/5.4.1/bin/../lib/gcc/arm-none-eabi/5.4.1/../../../../arm-none-eabi/lib/armv7-m\libg_nano.a(lib_a-impure.o)
 .rodata._global_impure_ptr
                0x00000000        0x4 d:/school/summer 2020/soc/psoc creator/4.2/psoc creator/import/gnu/arm/5.4.1/bin/../lib/gcc/arm-none-eabi/5.4.1/../../../../arm-none-eabi/lib/armv7-m\libg_nano.a(lib_a-impure.o)
 .text          0x00000000        0x0 d:/school/summer 2020/soc/psoc creator/4.2/psoc creator/import/gnu/arm/5.4.1/bin/../lib/gcc/arm-none-eabi/5.4.1/../../../../arm-none-eabi/lib/armv7-m\libg_nano.a(lib_a-init.o)
 .data          0x00000000        0x0 d:/school/summer 2020/soc/psoc creator/4.2/psoc creator/import/gnu/arm/5.4.1/bin/../lib/gcc/arm-none-eabi/5.4.1/../../../../arm-none-eabi/lib/armv7-m\libg_nano.a(lib_a-init.o)
 .bss           0x00000000        0x0 d:/school/summer 2020/soc/psoc creator/4.2/psoc creator/import/gnu/arm/5.4.1/bin/../lib/gcc/arm-none-eabi/5.4.1/../../../../arm-none-eabi/lib/armv7-m\libg_nano.a(lib_a-init.o)
 .text          0x00000000        0x0 d:/school/summer 2020/soc/psoc creator/4.2/psoc creator/import/gnu/arm/5.4.1/bin/../lib/gcc/arm-none-eabi/5.4.1/../../../../arm-none-eabi/lib/armv7-m\libg_nano.a(lib_a-memcpy-stub.o)
 .data          0x00000000        0x0 d:/school/summer 2020/soc/psoc creator/4.2/psoc creator/import/gnu/arm/5.4.1/bin/../lib/gcc/arm-none-eabi/5.4.1/../../../../arm-none-eabi/lib/armv7-m\libg_nano.a(lib_a-memcpy-stub.o)
 .bss           0x00000000        0x0 d:/school/summer 2020/soc/psoc creator/4.2/psoc creator/import/gnu/arm/5.4.1/bin/../lib/gcc/arm-none-eabi/5.4.1/../../../../arm-none-eabi/lib/armv7-m\libg_nano.a(lib_a-memcpy-stub.o)
 .text          0x00000000        0x0 d:/school/summer 2020/soc/psoc creator/4.2/psoc creator/import/gnu/arm/5.4.1/bin/../lib/gcc/arm-none-eabi/5.4.1/../../../../arm-none-eabi/lib/armv7-m\libg_nano.a(lib_a-memset.o)
 .data          0x00000000        0x0 d:/school/summer 2020/soc/psoc creator/4.2/psoc creator/import/gnu/arm/5.4.1/bin/../lib/gcc/arm-none-eabi/5.4.1/../../../../arm-none-eabi/lib/armv7-m\libg_nano.a(lib_a-memset.o)
 .bss           0x00000000        0x0 d:/school/summer 2020/soc/psoc creator/4.2/psoc creator/import/gnu/arm/5.4.1/bin/../lib/gcc/arm-none-eabi/5.4.1/../../../../arm-none-eabi/lib/armv7-m\libg_nano.a(lib_a-memset.o)
 .text          0x00000000        0x0 d:/school/summer 2020/soc/psoc creator/4.2/psoc creator/import/gnu/arm/5.4.1/bin/../lib/gcc/arm-none-eabi/5.4.1/../../../../arm-none-eabi/lib/armv7-m\libg_nano.a(lib_a-sprintf.o)
 .data          0x00000000        0x0 d:/school/summer 2020/soc/psoc creator/4.2/psoc creator/import/gnu/arm/5.4.1/bin/../lib/gcc/arm-none-eabi/5.4.1/../../../../arm-none-eabi/lib/armv7-m\libg_nano.a(lib_a-sprintf.o)
 .bss           0x00000000        0x0 d:/school/summer 2020/soc/psoc creator/4.2/psoc creator/import/gnu/arm/5.4.1/bin/../lib/gcc/arm-none-eabi/5.4.1/../../../../arm-none-eabi/lib/armv7-m\libg_nano.a(lib_a-sprintf.o)
 .text._sprintf_r
                0x00000000       0x40 d:/school/summer 2020/soc/psoc creator/4.2/psoc creator/import/gnu/arm/5.4.1/bin/../lib/gcc/arm-none-eabi/5.4.1/../../../../arm-none-eabi/lib/armv7-m\libg_nano.a(lib_a-sprintf.o)
 .text          0x00000000        0x0 d:/school/summer 2020/soc/psoc creator/4.2/psoc creator/import/gnu/arm/5.4.1/bin/../lib/gcc/arm-none-eabi/5.4.1/../../../../arm-none-eabi/lib/armv7-m\libg_nano.a(lib_a-nano-svfprintf.o)
 .data          0x00000000        0x0 d:/school/summer 2020/soc/psoc creator/4.2/psoc creator/import/gnu/arm/5.4.1/bin/../lib/gcc/arm-none-eabi/5.4.1/../../../../arm-none-eabi/lib/armv7-m\libg_nano.a(lib_a-nano-svfprintf.o)
 .bss           0x00000000        0x0 d:/school/summer 2020/soc/psoc creator/4.2/psoc creator/import/gnu/arm/5.4.1/bin/../lib/gcc/arm-none-eabi/5.4.1/../../../../arm-none-eabi/lib/armv7-m\libg_nano.a(lib_a-nano-svfprintf.o)
 .text.__ssprint_r
                0x00000000       0xfe d:/school/summer 2020/soc/psoc creator/4.2/psoc creator/import/gnu/arm/5.4.1/bin/../lib/gcc/arm-none-eabi/5.4.1/../../../../arm-none-eabi/lib/armv7-m\libg_nano.a(lib_a-nano-svfprintf.o)
 .text          0x00000000        0x0 d:/school/summer 2020/soc/psoc creator/4.2/psoc creator/import/gnu/arm/5.4.1/bin/../lib/gcc/arm-none-eabi/5.4.1/../../../../arm-none-eabi/lib/armv7-m\libg_nano.a(lib_a-nano-vfprintf_i.o)
 .data          0x00000000        0x0 d:/school/summer 2020/soc/psoc creator/4.2/psoc creator/import/gnu/arm/5.4.1/bin/../lib/gcc/arm-none-eabi/5.4.1/../../../../arm-none-eabi/lib/armv7-m\libg_nano.a(lib_a-nano-vfprintf_i.o)
 .bss           0x00000000        0x0 d:/school/summer 2020/soc/psoc creator/4.2/psoc creator/import/gnu/arm/5.4.1/bin/../lib/gcc/arm-none-eabi/5.4.1/../../../../arm-none-eabi/lib/armv7-m\libg_nano.a(lib_a-nano-vfprintf_i.o)
 .text          0x00000000        0x0 d:/school/summer 2020/soc/psoc creator/4.2/psoc creator/import/gnu/arm/5.4.1/bin/../lib/gcc/arm-none-eabi/5.4.1/../../../../arm-none-eabi/lib/armv7-m\libg_nano.a(lib_a-memchr-stub.o)
 .data          0x00000000        0x0 d:/school/summer 2020/soc/psoc creator/4.2/psoc creator/import/gnu/arm/5.4.1/bin/../lib/gcc/arm-none-eabi/5.4.1/../../../../arm-none-eabi/lib/armv7-m\libg_nano.a(lib_a-memchr-stub.o)
 .bss           0x00000000        0x0 d:/school/summer 2020/soc/psoc creator/4.2/psoc creator/import/gnu/arm/5.4.1/bin/../lib/gcc/arm-none-eabi/5.4.1/../../../../arm-none-eabi/lib/armv7-m\libg_nano.a(lib_a-memchr-stub.o)
 .text          0x00000000        0x0 d:/school/summer 2020/soc/psoc creator/4.2/psoc creator/import/gnu/arm/5.4.1/bin/../lib/gcc/arm-none-eabi/5.4.1/../../../../arm-none-eabi/lib/armv7-m\libg_nano.a(lib_a-memmove.o)
 .data          0x00000000        0x0 d:/school/summer 2020/soc/psoc creator/4.2/psoc creator/import/gnu/arm/5.4.1/bin/../lib/gcc/arm-none-eabi/5.4.1/../../../../arm-none-eabi/lib/armv7-m\libg_nano.a(lib_a-memmove.o)
 .bss           0x00000000        0x0 d:/school/summer 2020/soc/psoc creator/4.2/psoc creator/import/gnu/arm/5.4.1/bin/../lib/gcc/arm-none-eabi/5.4.1/../../../../arm-none-eabi/lib/armv7-m\libg_nano.a(lib_a-memmove.o)
 .text          0x00000000        0x0 d:/school/summer 2020/soc/psoc creator/4.2/psoc creator/import/gnu/arm/5.4.1/bin/../lib/gcc/arm-none-eabi/5.4.1/../../../../arm-none-eabi/lib/armv7-m\libg_nano.a(lib_a-nano-freer.o)
 .data          0x00000000        0x0 d:/school/summer 2020/soc/psoc creator/4.2/psoc creator/import/gnu/arm/5.4.1/bin/../lib/gcc/arm-none-eabi/5.4.1/../../../../arm-none-eabi/lib/armv7-m\libg_nano.a(lib_a-nano-freer.o)
 .bss           0x00000000        0x0 d:/school/summer 2020/soc/psoc creator/4.2/psoc creator/import/gnu/arm/5.4.1/bin/../lib/gcc/arm-none-eabi/5.4.1/../../../../arm-none-eabi/lib/armv7-m\libg_nano.a(lib_a-nano-freer.o)
 .text          0x00000000        0x0 d:/school/summer 2020/soc/psoc creator/4.2/psoc creator/import/gnu/arm/5.4.1/bin/../lib/gcc/arm-none-eabi/5.4.1/../../../../arm-none-eabi/lib/armv7-m\libg_nano.a(lib_a-nano-mallocr.o)
 .data          0x00000000        0x0 d:/school/summer 2020/soc/psoc creator/4.2/psoc creator/import/gnu/arm/5.4.1/bin/../lib/gcc/arm-none-eabi/5.4.1/../../../../arm-none-eabi/lib/armv7-m\libg_nano.a(lib_a-nano-mallocr.o)
 .bss           0x00000000        0x0 d:/school/summer 2020/soc/psoc creator/4.2/psoc creator/import/gnu/arm/5.4.1/bin/../lib/gcc/arm-none-eabi/5.4.1/../../../../arm-none-eabi/lib/armv7-m\libg_nano.a(lib_a-nano-mallocr.o)
 .text          0x00000000        0x0 d:/school/summer 2020/soc/psoc creator/4.2/psoc creator/import/gnu/arm/5.4.1/bin/../lib/gcc/arm-none-eabi/5.4.1/../../../../arm-none-eabi/lib/armv7-m\libg_nano.a(lib_a-nano-reallocr.o)
 .data          0x00000000        0x0 d:/school/summer 2020/soc/psoc creator/4.2/psoc creator/import/gnu/arm/5.4.1/bin/../lib/gcc/arm-none-eabi/5.4.1/../../../../arm-none-eabi/lib/armv7-m\libg_nano.a(lib_a-nano-reallocr.o)
 .bss           0x00000000        0x0 d:/school/summer 2020/soc/psoc creator/4.2/psoc creator/import/gnu/arm/5.4.1/bin/../lib/gcc/arm-none-eabi/5.4.1/../../../../arm-none-eabi/lib/armv7-m\libg_nano.a(lib_a-nano-reallocr.o)
 .text          0x00000000        0x0 d:/school/summer 2020/soc/psoc creator/4.2/psoc creator/import/gnu/arm/5.4.1/bin/../lib/gcc/arm-none-eabi/5.4.1/../../../../arm-none-eabi/lib/armv7-m\libg_nano.a(lib_a-sbrkr.o)
 .data          0x00000000        0x0 d:/school/summer 2020/soc/psoc creator/4.2/psoc creator/import/gnu/arm/5.4.1/bin/../lib/gcc/arm-none-eabi/5.4.1/../../../../arm-none-eabi/lib/armv7-m\libg_nano.a(lib_a-sbrkr.o)
 .bss           0x00000000        0x0 d:/school/summer 2020/soc/psoc creator/4.2/psoc creator/import/gnu/arm/5.4.1/bin/../lib/gcc/arm-none-eabi/5.4.1/../../../../arm-none-eabi/lib/armv7-m\libg_nano.a(lib_a-sbrkr.o)
 .text          0x00000000        0x0 d:/school/summer 2020/soc/psoc creator/4.2/psoc creator/import/gnu/arm/5.4.1/bin/../lib/gcc/arm-none-eabi/5.4.1/../../../../arm-none-eabi/lib/armv7-m\libg_nano.a(lib_a-mlock.o)
 .data          0x00000000        0x0 d:/school/summer 2020/soc/psoc creator/4.2/psoc creator/import/gnu/arm/5.4.1/bin/../lib/gcc/arm-none-eabi/5.4.1/../../../../arm-none-eabi/lib/armv7-m\libg_nano.a(lib_a-mlock.o)
 .bss           0x00000000        0x0 d:/school/summer 2020/soc/psoc creator/4.2/psoc creator/import/gnu/arm/5.4.1/bin/../lib/gcc/arm-none-eabi/5.4.1/../../../../arm-none-eabi/lib/armv7-m\libg_nano.a(lib_a-mlock.o)
 .text          0x00000000        0x0 d:/school/summer 2020/soc/psoc creator/4.2/psoc creator/import/gnu/arm/5.4.1/bin/../lib/gcc/arm-none-eabi/5.4.1/../../../../arm-none-eabi/lib/armv7-m\libg_nano.a(lib_a-nano-msizer.o)
 .data          0x00000000        0x0 d:/school/summer 2020/soc/psoc creator/4.2/psoc creator/import/gnu/arm/5.4.1/bin/../lib/gcc/arm-none-eabi/5.4.1/../../../../arm-none-eabi/lib/armv7-m\libg_nano.a(lib_a-nano-msizer.o)
 .bss           0x00000000        0x0 d:/school/summer 2020/soc/psoc creator/4.2/psoc creator/import/gnu/arm/5.4.1/bin/../lib/gcc/arm-none-eabi/5.4.1/../../../../arm-none-eabi/lib/armv7-m\libg_nano.a(lib_a-nano-msizer.o)
 .text          0x00000000        0x0 d:/school/summer 2020/soc/psoc creator/4.2/psoc creator/import/gnu/arm/5.4.1/bin/../lib/gcc/arm-none-eabi/5.4.1/../../../../arm-none-eabi/lib/armv7-m\libg_nano.a(lib_a-reent.o)
 .data          0x00000000        0x0 d:/school/summer 2020/soc/psoc creator/4.2/psoc creator/import/gnu/arm/5.4.1/bin/../lib/gcc/arm-none-eabi/5.4.1/../../../../arm-none-eabi/lib/armv7-m\libg_nano.a(lib_a-reent.o)
 .bss           0x00000000        0x0 d:/school/summer 2020/soc/psoc creator/4.2/psoc creator/import/gnu/arm/5.4.1/bin/../lib/gcc/arm-none-eabi/5.4.1/../../../../arm-none-eabi/lib/armv7-m\libg_nano.a(lib_a-reent.o)
 .text.cleanup_glue
                0x00000000       0x1a d:/school/summer 2020/soc/psoc creator/4.2/psoc creator/import/gnu/arm/5.4.1/bin/../lib/gcc/arm-none-eabi/5.4.1/../../../../arm-none-eabi/lib/armv7-m\libg_nano.a(lib_a-reent.o)
 .text._reclaim_reent
                0x00000000       0xb4 d:/school/summer 2020/soc/psoc creator/4.2/psoc creator/import/gnu/arm/5.4.1/bin/../lib/gcc/arm-none-eabi/5.4.1/../../../../arm-none-eabi/lib/armv7-m\libg_nano.a(lib_a-reent.o)
 .text          0x00000000        0x0 d:/school/summer 2020/soc/psoc creator/4.2/psoc creator/import/gnu/arm/5.4.1/bin/../lib/gcc/arm-none-eabi/5.4.1/armv7-m/crtend.o
 .data          0x00000000        0x0 d:/school/summer 2020/soc/psoc creator/4.2/psoc creator/import/gnu/arm/5.4.1/bin/../lib/gcc/arm-none-eabi/5.4.1/armv7-m/crtend.o
 .bss           0x00000000        0x0 d:/school/summer 2020/soc/psoc creator/4.2/psoc creator/import/gnu/arm/5.4.1/bin/../lib/gcc/arm-none-eabi/5.4.1/armv7-m/crtend.o
 .text          0x00000000        0x0 d:/school/summer 2020/soc/psoc creator/4.2/psoc creator/import/gnu/arm/5.4.1/bin/../lib/gcc/arm-none-eabi/5.4.1/armv7-m/crtn.o
 .data          0x00000000        0x0 d:/school/summer 2020/soc/psoc creator/4.2/psoc creator/import/gnu/arm/5.4.1/bin/../lib/gcc/arm-none-eabi/5.4.1/armv7-m/crtn.o
 .bss           0x00000000        0x0 d:/school/summer 2020/soc/psoc creator/4.2/psoc creator/import/gnu/arm/5.4.1/bin/../lib/gcc/arm-none-eabi/5.4.1/armv7-m/crtn.o

Memory Configuration

Name             Origin             Length             Attributes
rom              0x00000000         0x00040000         xr
ram              0x1fff8000         0x00010000         xrw
*default*        0x00000000         0xffffffff

Linker script and memory map

LOAD d:/school/summer 2020/soc/psoc creator/4.2/psoc creator/import/gnu/arm/5.4.1/bin/../lib/gcc/arm-none-eabi/5.4.1/armv7-m/crti.o
LOAD d:/school/summer 2020/soc/psoc creator/4.2/psoc creator/import/gnu/arm/5.4.1/bin/../lib/gcc/arm-none-eabi/5.4.1/armv7-m/crtbegin.o
LOAD d:/school/summer 2020/soc/psoc creator/4.2/psoc creator/import/gnu/arm/5.4.1/bin/../lib/gcc/arm-none-eabi/5.4.1/../../../../arm-none-eabi/lib/armv7-m/crt0.o
START GROUP
LOAD .\CortexM3\ARM_GCC_541\Debug\main.o
LOAD .\CortexM3\ARM_GCC_541\Debug\cyfitter_cfg.o
LOAD .\CortexM3\ARM_GCC_541\Debug\cymetadata.o
LOAD .\CortexM3\ARM_GCC_541\Debug\Cm3Start.o
LOAD .\CortexM3\ARM_GCC_541\Debug\PSoC5_Ex1.a
LOAD D:\School\Summer 2020\SoC\PSoC Creator\4.2\PSoC Creator\psoc\content\cycomponentlibrary\CyComponentLibrary.cylib\CortexM3\ARM_GCC_541\Debug\CyComponentLibrary.a
END GROUP
START GROUP
LOAD d:/school/summer 2020/soc/psoc creator/4.2/psoc creator/import/gnu/arm/5.4.1/bin/../lib/gcc/arm-none-eabi/5.4.1/armv7-m\libgcc.a
LOAD d:/school/summer 2020/soc/psoc creator/4.2/psoc creator/import/gnu/arm/5.4.1/bin/../lib/gcc/arm-none-eabi/5.4.1/../../../../arm-none-eabi/lib/armv7-m\libg_nano.a
LOAD d:/school/summer 2020/soc/psoc creator/4.2/psoc creator/import/gnu/arm/5.4.1/bin/../lib/gcc/arm-none-eabi/5.4.1/../../../../arm-none-eabi/lib/armv7-m\libc_nano.a
END GROUP
START GROUP
LOAD d:/school/summer 2020/soc/psoc creator/4.2/psoc creator/import/gnu/arm/5.4.1/bin/../lib/gcc/arm-none-eabi/5.4.1/armv7-m\libgcc.a
LOAD d:/school/summer 2020/soc/psoc creator/4.2/psoc creator/import/gnu/arm/5.4.1/bin/../lib/gcc/arm-none-eabi/5.4.1/../../../../arm-none-eabi/lib/armv7-m\libc_nano.a
END GROUP
LOAD d:/school/summer 2020/soc/psoc creator/4.2/psoc creator/import/gnu/arm/5.4.1/bin/../lib/gcc/arm-none-eabi/5.4.1/armv7-m/crtend.o
LOAD d:/school/summer 2020/soc/psoc creator/4.2/psoc creator/import/gnu/arm/5.4.1/bin/../lib/gcc/arm-none-eabi/5.4.1/armv7-m/crtn.o
START GROUP
LOAD d:/school/summer 2020/soc/psoc creator/4.2/psoc creator/import/gnu/arm/5.4.1/bin/../lib/gcc/arm-none-eabi/5.4.1/armv7-m\libgcc.a
LOAD d:/school/summer 2020/soc/psoc creator/4.2/psoc creator/import/gnu/arm/5.4.1/bin/../lib/gcc/arm-none-eabi/5.4.1/../../../../arm-none-eabi/lib/armv7-m\libc.a
LOAD d:/school/summer 2020/soc/psoc creator/4.2/psoc creator/import/gnu/arm/5.4.1/bin/../lib/gcc/arm-none-eabi/5.4.1/../../../../arm-none-eabi/lib/armv7-m\libnosys.a
END GROUP
                0x00000000                CY_APPL_ORIGIN = 0x0
                0x00000100                CY_FLASH_ROW_SIZE = 0x100
                0x00000020                CY_ECC_ROW_SIZE = 0x20
                0x00000000                CY_EE_IN_BTLDR = 0x0
                0x00000000                CY_APPL_LOADABLE = 0x0
                0x00000800                CY_EE_SIZE = 0x800
                0x00000001                CY_APPL_NUM = 0x1
                0x00000001                CY_APPL_MAX = 0x1
                0x00000040                CY_METADATA_SIZE = 0x40
                0x00000000                CY_APPL_LOADABLE = 0x0
                0x00000000                CY_CHECKSUM_EXCLUDE_SIZE = ALIGN (0x0, CY_FLASH_ROW_SIZE)
                [!provide]                PROVIDE (__cy_heap_start, _end)
                0x00000001                PROVIDE (__cy_region_num, ((__cy_regions_end - __cy_regions) / 0x10))
                0x20008000                PROVIDE (__cy_stack, (ORIGIN (ram) + LENGTH (ram)))
                [!provide]                PROVIDE (__cy_heap_end, (__cy_stack - 0x800))

.cybootloader   0x00000000        0x0
 *(.cybootloader)
                0x00000000                appl1_start = CY_APPL_ORIGIN?CY_APPL_ORIGIN:ALIGN (CY_FLASH_ROW_SIZE)
                0x0001ff00                appl2_start = (appl1_start + ALIGN ((((LENGTH (rom) - appl1_start) - (0x2 * CY_FLASH_ROW_SIZE)) / 0x2), CY_FLASH_ROW_SIZE))
                0x00000000                appl_start = (CY_APPL_NUM == 0x1)?appl1_start:appl2_start
                0x00000000                ecc_offset = ((appl_start / CY_FLASH_ROW_SIZE) * CY_ECC_ROW_SIZE)
                0x00000000                ee_offset = (CY_APPL_LOADABLE && ! (CY_EE_IN_BTLDR))?((CY_EE_SIZE / CY_APPL_MAX) * (CY_APPL_NUM - 0x1)):0x0
                0x00000800                ee_size = (CY_APPL_LOADABLE && ! (CY_EE_IN_BTLDR))?(CY_EE_SIZE / CY_APPL_MAX):CY_EE_SIZE
                [!provide]                PROVIDE (CY_ECC_OFFSET, ecc_offset)

.text           0x00000000      0xe60
 CREATE_OBJECT_SYMBOLS
                0x00000000                PROVIDE (__cy_interrupt_vector, RomVectors)
 *(.romvectors)
 .romvectors    0x00000000       0x10 .\CortexM3\ARM_GCC_541\Debug\Cm3Start.o
                0x00000000                RomVectors
                0x00000001                ASSERT ((. != __cy_interrupt_vector), No interrupt vector)
                0x00000001                ASSERT (CY_APPL_ORIGIN?(SIZEOF (.cybootloader) <= CY_APPL_ORIGIN):0x1, Wrong image location)
                0x00000010                PROVIDE (__cy_reset, Reset)
 *(.text.Reset)
 .text.Reset    0x00000010       0x18 .\CortexM3\ARM_GCC_541\Debug\Cm3Start.o
                0x00000010                Reset
                0x00000001                ASSERT ((. != __cy_reset), No reset code)
 *(.dma_init)
                0x00000001                ASSERT ((((appl_start + .) <= 0x10000) || 0x1), DMA Init must be within the first 64k of flash)
 *(.text .text.* .gnu.linkonce.t.*)
 .text          0x00000028       0x5c d:/school/summer 2020/soc/psoc creator/4.2/psoc creator/import/gnu/arm/5.4.1/bin/../lib/gcc/arm-none-eabi/5.4.1/armv7-m/crtbegin.o
 .text.main     0x00000084       0x74 .\CortexM3\ARM_GCC_541\Debug\main.o
                0x00000084                main
 .text.CyClockStartupError
                0x000000f8        0x4 .\CortexM3\ARM_GCC_541\Debug\cyfitter_cfg.o
 .text.cfg_write_bytes32
                0x000000fc       0x34 .\CortexM3\ARM_GCC_541\Debug\cyfitter_cfg.o
 .text.AnalogSetDefault
                0x00000130       0x28 .\CortexM3\ARM_GCC_541\Debug\cyfitter_cfg.o
 .text.CYMEMZERO
                0x00000158        0xc .\CortexM3\ARM_GCC_541\Debug\cyfitter_cfg.o
 .text.ClockSetup
                0x00000164       0xb8 .\CortexM3\ARM_GCC_541\Debug\cyfitter_cfg.o
 .text.CYCONFIGCPY
                0x0000021c        0x8 .\CortexM3\ARM_GCC_541\Debug\cyfitter_cfg.o
 .text.cyfitter_cfg
                0x00000224      0x110 .\CortexM3\ARM_GCC_541\Debug\cyfitter_cfg.o
                0x00000224                cyfitter_cfg
 .text.IntDefaultHandler
                0x00000334       0x10 .\CortexM3\ARM_GCC_541\Debug\Cm3Start.o
                0x00000334                IntDefaultHandler
 .text._sbrk    0x00000344       0x30 .\CortexM3\ARM_GCC_541\Debug\Cm3Start.o
                0x00000344                _sbrk
 .text.Start_c  0x00000374       0x4c .\CortexM3\ARM_GCC_541\Debug\Cm3Start.o
                0x00000374                Start_c
 .text.initialize_psoc
                0x000003c0       0x68 .\CortexM3\ARM_GCC_541\Debug\Cm3Start.o
                0x000003c0                initialize_psoc
 .text.CyDelay  0x00000428       0x2c .\CortexM3\ARM_GCC_541\Debug\PSoC5_Ex1.a(CyLib.o)
                0x00000428                CyDelay
 .text.LED1_Write
                0x00000454       0x18 .\CortexM3\ARM_GCC_541\Debug\PSoC5_Ex1.a(LED1.o)
                0x00000454                LED1_Write
 .text.Button_Read
                0x0000046c       0x10 .\CortexM3\ARM_GCC_541\Debug\PSoC5_Ex1.a(Button.o)
                0x0000046c                Button_Read
 .text.UART_Init
                0x0000047c       0x24 .\CortexM3\ARM_GCC_541\Debug\PSoC5_Ex1.a(UART.o)
                0x0000047c                UART_Init
 .text.UART_Enable
                0x000004a0       0x38 .\CortexM3\ARM_GCC_541\Debug\PSoC5_Ex1.a(UART.o)
                0x000004a0                UART_Enable
 .text.UART_Start
                0x000004d8       0x1c .\CortexM3\ARM_GCC_541\Debug\PSoC5_Ex1.a(UART.o)
                0x000004d8                UART_Start
 .text.UART_GetChar
                0x000004f4       0x2c .\CortexM3\ARM_GCC_541\Debug\PSoC5_Ex1.a(UART.o)
                0x000004f4                UART_GetChar
 .text.UART_PutChar
                0x00000520       0x18 .\CortexM3\ARM_GCC_541\Debug\PSoC5_Ex1.a(UART.o)
                0x00000520                UART_PutChar
 .text.UART_PutString
                0x00000538       0x24 .\CortexM3\ARM_GCC_541\Debug\PSoC5_Ex1.a(UART.o)
                0x00000538                UART_PutString
 .text.UART_IntClock_Start
                0x0000055c       0x1c .\CortexM3\ARM_GCC_541\Debug\PSoC5_Ex1.a(UART_IntClock.o)
                0x0000055c                UART_IntClock_Start
 .text          0x00000578       0x20 .\CortexM3\ARM_GCC_541\Debug\PSoC5_Ex1.a(CyBootAsmGnu.o)
                0x00000578                CyDelayCycles
                0x00000588                CyEnterCriticalSection
                0x00000590                CyExitCriticalSection
 .text.__errno  0x00000598        0xc d:/school/summer 2020/soc/psoc creator/4.2/psoc creator/import/gnu/arm/5.4.1/bin/../lib/gcc/arm-none-eabi/5.4.1/../../../../arm-none-eabi/lib/armv7-m\libg_nano.a(lib_a-errno.o)
                0x00000598                __errno
 .text.__libc_init_array
                0x000005a4       0x4c d:/school/summer 2020/soc/psoc creator/4.2/psoc creator/import/gnu/arm/5.4.1/bin/../lib/gcc/arm-none-eabi/5.4.1/../../../../arm-none-eabi/lib/armv7-m\libg_nano.a(lib_a-init.o)
                0x000005a4                __libc_init_array
 .text.memcpy   0x000005f0       0x16 d:/school/summer 2020/soc/psoc creator/4.2/psoc creator/import/gnu/arm/5.4.1/bin/../lib/gcc/arm-none-eabi/5.4.1/../../../../arm-none-eabi/lib/armv7-m\libg_nano.a(lib_a-memcpy-stub.o)
                0x000005f0                memcpy
 .text.memset   0x00000606       0x10 d:/school/summer 2020/soc/psoc creator/4.2/psoc creator/import/gnu/arm/5.4.1/bin/../lib/gcc/arm-none-eabi/5.4.1/../../../../arm-none-eabi/lib/armv7-m\libg_nano.a(lib_a-memset.o)
                0x00000606                memset
 *fill*         0x00000616        0x2 
 .text.sprintf  0x00000618       0x48 d:/school/summer 2020/soc/psoc creator/4.2/psoc creator/import/gnu/arm/5.4.1/bin/../lib/gcc/arm-none-eabi/5.4.1/../../../../arm-none-eabi/lib/armv7-m\libg_nano.a(lib_a-sprintf.o)
                0x00000618                siprintf
                0x00000618                sprintf
 .text.__ssputs_r
                0x00000660       0xb2 d:/school/summer 2020/soc/psoc creator/4.2/psoc creator/import/gnu/arm/5.4.1/bin/../lib/gcc/arm-none-eabi/5.4.1/../../../../arm-none-eabi/lib/armv7-m\libg_nano.a(lib_a-nano-svfprintf.o)
                0x00000660                __ssputs_r
 *fill*         0x00000712        0x2 
 .text._svfprintf_r
                0x00000714      0x1e8 d:/school/summer 2020/soc/psoc creator/4.2/psoc creator/import/gnu/arm/5.4.1/bin/../lib/gcc/arm-none-eabi/5.4.1/../../../../arm-none-eabi/lib/armv7-m\libg_nano.a(lib_a-nano-svfprintf.o)
                0x00000714                _svfiprintf_r
                0x00000714                _svfprintf_r
 .text._printf_common
                0x000008fc       0xec d:/school/summer 2020/soc/psoc creator/4.2/psoc creator/import/gnu/arm/5.4.1/bin/../lib/gcc/arm-none-eabi/5.4.1/../../../../arm-none-eabi/lib/armv7-m\libg_nano.a(lib_a-nano-vfprintf_i.o)
                0x000008fc                _printf_common
 .text._printf_i
                0x000009e8      0x24c d:/school/summer 2020/soc/psoc creator/4.2/psoc creator/import/gnu/arm/5.4.1/bin/../lib/gcc/arm-none-eabi/5.4.1/../../../../arm-none-eabi/lib/armv7-m\libg_nano.a(lib_a-nano-vfprintf_i.o)
                0x000009e8                _printf_i
 .text.memchr   0x00000c34       0x1c d:/school/summer 2020/soc/psoc creator/4.2/psoc creator/import/gnu/arm/5.4.1/bin/../lib/gcc/arm-none-eabi/5.4.1/../../../../arm-none-eabi/lib/armv7-m\libg_nano.a(lib_a-memchr-stub.o)
                0x00000c34                memchr
 .text.memmove  0x00000c50       0x36 d:/school/summer 2020/soc/psoc creator/4.2/psoc creator/import/gnu/arm/5.4.1/bin/../lib/gcc/arm-none-eabi/5.4.1/../../../../arm-none-eabi/lib/armv7-m\libg_nano.a(lib_a-memmove.o)
                0x00000c50                memmove
 *fill*         0x00000c86        0x2 
 .text._free_r  0x00000c88       0x98 d:/school/summer 2020/soc/psoc creator/4.2/psoc creator/import/gnu/arm/5.4.1/bin/../lib/gcc/arm-none-eabi/5.4.1/../../../../arm-none-eabi/lib/armv7-m\libg_nano.a(lib_a-nano-freer.o)
                0x00000c88                _free_r
 .text._malloc_r
                0x00000d20       0xbc d:/school/summer 2020/soc/psoc creator/4.2/psoc creator/import/gnu/arm/5.4.1/bin/../lib/gcc/arm-none-eabi/5.4.1/../../../../arm-none-eabi/lib/armv7-m\libg_nano.a(lib_a-nano-mallocr.o)
                0x00000d20                _malloc_r
 .text._realloc_r
                0x00000ddc       0x4c d:/school/summer 2020/soc/psoc creator/4.2/psoc creator/import/gnu/arm/5.4.1/bin/../lib/gcc/arm-none-eabi/5.4.1/../../../../arm-none-eabi/lib/armv7-m\libg_nano.a(lib_a-nano-reallocr.o)
                0x00000ddc                _realloc_r
 .text._sbrk_r  0x00000e28       0x20 d:/school/summer 2020/soc/psoc creator/4.2/psoc creator/import/gnu/arm/5.4.1/bin/../lib/gcc/arm-none-eabi/5.4.1/../../../../arm-none-eabi/lib/armv7-m\libg_nano.a(lib_a-sbrkr.o)
                0x00000e28                _sbrk_r
 .text.__malloc_lock
                0x00000e48        0x2 d:/school/summer 2020/soc/psoc creator/4.2/psoc creator/import/gnu/arm/5.4.1/bin/../lib/gcc/arm-none-eabi/5.4.1/../../../../arm-none-eabi/lib/armv7-m\libg_nano.a(lib_a-mlock.o)
                0x00000e48                __malloc_lock
 .text.__malloc_unlock
                0x00000e4a        0x2 d:/school/summer 2020/soc/psoc creator/4.2/psoc creator/import/gnu/arm/5.4.1/bin/../lib/gcc/arm-none-eabi/5.4.1/../../../../arm-none-eabi/lib/armv7-m\libg_nano.a(lib_a-mlock.o)
                0x00000e4a                __malloc_unlock
 .text._malloc_usable_size_r
                0x00000e4c       0x14 d:/school/summer 2020/soc/psoc creator/4.2/psoc creator/import/gnu/arm/5.4.1/bin/../lib/gcc/arm-none-eabi/5.4.1/../../../../arm-none-eabi/lib/armv7-m\libg_nano.a(lib_a-nano-msizer.o)
                0x00000e4c                _malloc_usable_size_r
 *(.plt)
 *(.gnu.warning)
 *(.glue_7t)
 .glue_7t       0x00000e60        0x0 linker stubs
 *(.glue_7)
 .glue_7        0x00000e60        0x0 linker stubs
 *(.vfp11_veneer)
 .vfp11_veneer  0x00000e60        0x0 linker stubs
 *(.bootloader)
 *(.ARM.extab* .gnu.linkonce.armextab.*)
 *(.gcc_except_table)

.v4_bx          0x00000e60        0x0
 .v4_bx         0x00000e60        0x0 linker stubs

.iplt           0x00000e60        0x0
 .iplt          0x00000e60        0x0 d:/school/summer 2020/soc/psoc creator/4.2/psoc creator/import/gnu/arm/5.4.1/bin/../lib/gcc/arm-none-eabi/5.4.1/armv7-m/crtbegin.o

.eh_frame_hdr
 *(.eh_frame_hdr)

.eh_frame       0x00000e60        0x4
 *(.eh_frame)
 .eh_frame      0x00000e60        0x0 d:/school/summer 2020/soc/psoc creator/4.2/psoc creator/import/gnu/arm/5.4.1/bin/../lib/gcc/arm-none-eabi/5.4.1/armv7-m/crtbegin.o
 .eh_frame      0x00000e60        0x4 d:/school/summer 2020/soc/psoc creator/4.2/psoc creator/import/gnu/arm/5.4.1/bin/../lib/gcc/arm-none-eabi/5.4.1/armv7-m/crtend.o
                [!provide]                PROVIDE (__exidx_start, .)

.ARM.exidx
 *(.ARM.exidx* .gnu.linkonce.armexidx.*)
                0x00000e64                __exidx_end = .

.rodata         0x00000e64       0xc4
 *(.rodata .rodata.* .gnu.linkonce.r.*)
 .rodata        0x00000e64       0x14 .\CortexM3\ARM_GCC_541\Debug\main.o
 .rodata.str1.4
                0x00000e78        0x4 .\CortexM3\ARM_GCC_541\Debug\main.o
 .rodata        0x00000e7c       0x42 .\CortexM3\ARM_GCC_541\Debug\cyfitter_cfg.o
 .rodata.str1.1
                0x00000ebe        0x2 d:/school/summer 2020/soc/psoc creator/4.2/psoc creator/import/gnu/arm/5.4.1/bin/../lib/gcc/arm-none-eabi/5.4.1/../../../../arm-none-eabi/lib/armv7-m\libg_nano.a(lib_a-impure.o)
 .rodata.str1.1
                0x00000ec0       0x11 d:/school/summer 2020/soc/psoc creator/4.2/psoc creator/import/gnu/arm/5.4.1/bin/../lib/gcc/arm-none-eabi/5.4.1/../../../../arm-none-eabi/lib/armv7-m\libg_nano.a(lib_a-nano-svfprintf.o)
 .rodata.str1.1
                0x00000ed1       0x22 d:/school/summer 2020/soc/psoc creator/4.2/psoc creator/import/gnu/arm/5.4.1/bin/../lib/gcc/arm-none-eabi/5.4.1/../../../../arm-none-eabi/lib/armv7-m\libg_nano.a(lib_a-nano-vfprintf_i.o)
                0x00000ef4                . = ALIGN (0x4)
 *fill*         0x00000ef3        0x1 
 *(.init)
 .init          0x00000ef4        0x4 d:/school/summer 2020/soc/psoc creator/4.2/psoc creator/import/gnu/arm/5.4.1/bin/../lib/gcc/arm-none-eabi/5.4.1/armv7-m/crti.o
                0x00000ef4                _init
 .init          0x00000ef8        0x8 d:/school/summer 2020/soc/psoc creator/4.2/psoc creator/import/gnu/arm/5.4.1/bin/../lib/gcc/arm-none-eabi/5.4.1/armv7-m/crtn.o
                0x00000f00                . = ALIGN (0x4)
                0x00000f00                __preinit_array_start = .
 *(.preinit_array)
                0x00000f00                __preinit_array_end = .
                0x00000f00                . = ALIGN (0x4)
                0x00000f00                __init_array_start = .
 *(SORT(.init_array.*))
 *(.init_array)
 .init_array    0x00000f00        0x4 d:/school/summer 2020/soc/psoc creator/4.2/psoc creator/import/gnu/arm/5.4.1/bin/../lib/gcc/arm-none-eabi/5.4.1/armv7-m/crtbegin.o
 .init_array    0x00000f04        0x4 .\CortexM3\ARM_GCC_541\Debug\Cm3Start.o
                0x00000f08                __init_array_end = .
                0x00000f08                . = ALIGN (0x4)
 *(.fini)
 .fini          0x00000f08        0x4 d:/school/summer 2020/soc/psoc creator/4.2/psoc creator/import/gnu/arm/5.4.1/bin/../lib/gcc/arm-none-eabi/5.4.1/armv7-m/crti.o
                0x00000f08                _fini
 .fini          0x00000f0c        0x8 d:/school/summer 2020/soc/psoc creator/4.2/psoc creator/import/gnu/arm/5.4.1/bin/../lib/gcc/arm-none-eabi/5.4.1/armv7-m/crtn.o
                0x00000f14                . = ALIGN (0x4)
                0x00000f14                __fini_array_start = .
 *(.fini_array)
 .fini_array    0x00000f14        0x4 d:/school/summer 2020/soc/psoc creator/4.2/psoc creator/import/gnu/arm/5.4.1/bin/../lib/gcc/arm-none-eabi/5.4.1/armv7-m/crtbegin.o
 *(SORT(.fini_array.*))
                0x00000f18                __fini_array_end = .
                0x00000f18                . = ALIGN (0x4)
 *crtbegin.o(.ctors)
 *(EXCLUDE_FILE(*crtend.o) .ctors)
 *(SORT(.ctors.*))
 *crtend.o(.ctors)
                0x00000f18                . = ALIGN (0x4)
 *crtbegin.o(.dtors)
 *(EXCLUDE_FILE(*crtend.o) .dtors)
 *(SORT(.dtors.*))
 *crtend.o(.dtors)
                0x00000f18                . = ALIGN (0x4)
                0x00000f18                __cy_regions = .
                0x00000f18        0x4 LONG 0xf28 __cy_region_init_ram
                0x00000f1c        0x4 LONG 0x1fff80c8 __cy_region_start_data
                0x00000f20        0x4 LONG 0x80 __cy_region_init_size_ram
                0x00000f24        0x4 LONG 0x30 __cy_region_zero_size_ram
                0x00000f28                __cy_regions_end = .
                0x00000f28                . = ALIGN (0x8)
                0x00000f28                _etext = .

.cy_checksum_exclude
                0x00000f28        0x0
 *(.cy_checksum_exclude)

.ramvectors     0x1fff8000       0xc0
                0x1fff8000                __cy_region_start_ram = .
 *(.ramvectors)
 .ramvectors    0x1fff8000       0xc0 .\CortexM3\ARM_GCC_541\Debug\Cm3Start.o
                0x1fff8000                CyRamVectors

.noinit         0x1fff80c0        0x1
 *(.noinit)
 .noinit        0x1fff80c0        0x1 .\CortexM3\ARM_GCC_541\Debug\PSoC5_Ex1.a(CyLib.o)
                0x1fff80c0                CyResetStatus

.data           0x1fff80c8       0x80 load address 0x00000f28
                0x1fff80c8                __cy_region_start_data = .
 *(.jcr)
 .jcr           0x1fff80c8        0x0 d:/school/summer 2020/soc/psoc creator/4.2/psoc creator/import/gnu/arm/5.4.1/bin/../lib/gcc/arm-none-eabi/5.4.1/armv7-m/crtbegin.o
 .jcr           0x1fff80c8        0x4 d:/school/summer 2020/soc/psoc creator/4.2/psoc creator/import/gnu/arm/5.4.1/bin/../lib/gcc/arm-none-eabi/5.4.1/armv7-m/crtend.o
 *(.got.plt)
 *(.got)
 *(.shdata)
 *(.data .data.* .gnu.linkonce.d.*)
 .data          0x1fff80cc        0x4 .\CortexM3\ARM_GCC_541\Debug\Cm3Start.o
 .data          0x1fff80d0       0x10 .\CortexM3\ARM_GCC_541\Debug\PSoC5_Ex1.a(CyLib.o)
                0x1fff80d0                cydelay_32k_ms
                0x1fff80d4                cydelay_freq_khz
                0x1fff80d8                cydelay_freq_mhz
                0x1fff80dc                cydelay_freq_hz
 .data.impure_data
                0x1fff80e0       0x60 d:/school/summer 2020/soc/psoc creator/4.2/psoc creator/import/gnu/arm/5.4.1/bin/../lib/gcc/arm-none-eabi/5.4.1/../../../../arm-none-eabi/lib/armv7-m\libg_nano.a(lib_a-impure.o)
 .data._impure_ptr
                0x1fff8140        0x4 d:/school/summer 2020/soc/psoc creator/4.2/psoc creator/import/gnu/arm/5.4.1/bin/../lib/gcc/arm-none-eabi/5.4.1/../../../../arm-none-eabi/lib/armv7-m\libg_nano.a(lib_a-impure.o)
                0x1fff8140                _impure_ptr
                0x1fff8148                . = ALIGN (0x8)
 *fill*         0x1fff8144        0x4 
 *(.ram)
                0x1fff8148                _edata = .

.igot.plt       0x1fff8148        0x0 load address 0x00000fa8
 .igot.plt      0x1fff8148        0x0 d:/school/summer 2020/soc/psoc creator/4.2/psoc creator/import/gnu/arm/5.4.1/bin/../lib/gcc/arm-none-eabi/5.4.1/armv7-m/crtbegin.o

.bss            0x1fff8148       0x30 load address 0x00000fa8
                0x1fff8148                PROVIDE (__bss_start__, .)
 *(.shbss)
 *(.bss .bss.* .gnu.linkonce.b.*)
 .bss           0x1fff8148       0x1c d:/school/summer 2020/soc/psoc creator/4.2/psoc creator/import/gnu/arm/5.4.1/bin/../lib/gcc/arm-none-eabi/5.4.1/armv7-m/crtbegin.o
 .bss           0x1fff8164        0x2 .\CortexM3\ARM_GCC_541\Debug\PSoC5_Ex1.a(UART.o)
                0x1fff8164                UART_initVar
 *fill*         0x1fff8166        0x2 
 .bss.__malloc_sbrk_start
                0x1fff8168        0x4 d:/school/summer 2020/soc/psoc creator/4.2/psoc creator/import/gnu/arm/5.4.1/bin/../lib/gcc/arm-none-eabi/5.4.1/../../../../arm-none-eabi/lib/armv7-m\libg_nano.a(lib_a-nano-mallocr.o)
                0x1fff8168                __malloc_sbrk_start
 .bss.__malloc_free_list
                0x1fff816c        0x4 d:/school/summer 2020/soc/psoc creator/4.2/psoc creator/import/gnu/arm/5.4.1/bin/../lib/gcc/arm-none-eabi/5.4.1/../../../../arm-none-eabi/lib/armv7-m\libg_nano.a(lib_a-nano-mallocr.o)
                0x1fff816c                __malloc_free_list
 *(COMMON)
 COMMON         0x1fff8170        0x4 d:/school/summer 2020/soc/psoc creator/4.2/psoc creator/import/gnu/arm/5.4.1/bin/../lib/gcc/arm-none-eabi/5.4.1/../../../../arm-none-eabi/lib/armv7-m\libg_nano.a(lib_a-reent.o)
                0x1fff8170                errno
                0x1fff8178                . = ALIGN (0x8)
 *fill*         0x1fff8174        0x4 
 *(.ram.b)
                0x1fff8178                _end = .
                0x1fff8178                __end = .
                0x1fff8178                PROVIDE (end, .)
                0x1fff8178                PROVIDE (__bss_end__, .)
                0x00000f28                __cy_region_init_ram = LOADADDR (.data)
                0x00000080                __cy_region_init_size_ram = (_edata - ADDR (.data))
                0x00000030                __cy_region_zero_size_ram = (_end - _edata)

.heap           0x1fff8178       0x80 load address 0x00000fa8
                0x1fff8178                . = _end
                0x1fff81f8                . = (. + 0x80)
 *fill*         0x1fff8178       0x80 
                0x1fff81f8                __cy_heap_limit = .

.stack          0x20007800      0x800
                0x20007800                __cy_stack_limit = .
                0x20008000                . = (. + 0x800)
 *fill*         0x20007800      0x800 
                0x00000001                ASSERT ((__cy_stack_limit >= __cy_heap_limit), region RAM overflowed with stack)
                0x00000000                cy_checksum_exclude_size = (CY_APPL_LOADABLE == 0x1)?SIZEOF (.cy_checksum_exclude):0x0
                0x00000001                ASSERT ((cy_checksum_exclude_size <= CY_CHECKSUM_EXCLUDE_SIZE), CY_BOOT: Section .cy_checksum_exclude size exceedes specified limit.)

.cyloadermeta
 *(.cyloadermeta)

.cyloadablemeta
 *(.cyloadablemeta)

.cyconfigecc    0x80000000      0x2f0
 *(.cyconfigecc)
 .cyconfigecc   0x80000000      0x2f0 .\CortexM3\ARM_GCC_541\Debug\cymetadata.o
                0x80000000                cy_meta_configecc

.cycustnvl      0x90000000        0x4
 *(.cycustnvl)
 .cycustnvl     0x90000000        0x4 .\CortexM3\ARM_GCC_541\Debug\cymetadata.o
                0x90000000                cy_meta_custnvl

.cywolatch      0x90100000        0x4
 *(.cywolatch)
 .cywolatch     0x90100000        0x4 .\CortexM3\ARM_GCC_541\Debug\cymetadata.o
                0x90100000                cy_meta_wonvl

.cyeeprom       0x90200000        0x0
 *(.cyeeprom)
                0x00000001                ASSERT ((. <= ((0x90200000 + ee_offset) + ee_size)), .cyeeprom data will not fit in EEPROM)

.cyflashprotect
                0x90400000      0x100
 *(.cyflashprotect)
 .cyflashprotect
                0x90400000      0x100 .\CortexM3\ARM_GCC_541\Debug\cymetadata.o
                0x90400000                cy_meta_flashprotect

.cymeta         0x90500000        0xc
 *(.cymeta)
 .cymeta        0x90500000        0xc .\CortexM3\ARM_GCC_541\Debug\cymetadata.o
                0x90500000                cy_metadata

.rel.dyn        0x00000fa8        0x0 load address 0x9050000c
 .rel.iplt      0x00000fa8        0x0 d:/school/summer 2020/soc/psoc creator/4.2/psoc creator/import/gnu/arm/5.4.1/bin/../lib/gcc/arm-none-eabi/5.4.1/armv7-m/crtbegin.o

.stab
 *(.stab)

.stabstr
 *(.stabstr)

.debug
 *(.debug)

.line
 *(.line)

.debug_srcinfo
 *(.debug_srcinfo)

.debug_sfnames
 *(.debug_sfnames)

.debug_aranges  0x00000000      0x708
 *(.debug_aranges)
 .debug_aranges
                0x00000000       0x20 .\CortexM3\ARM_GCC_541\Debug\main.o
 .debug_aranges
                0x00000020       0x58 .\CortexM3\ARM_GCC_541\Debug\cyfitter_cfg.o
 .debug_aranges
                0x00000078       0x18 .\CortexM3\ARM_GCC_541\Debug\cymetadata.o
 .debug_aranges
                0x00000090       0x48 .\CortexM3\ARM_GCC_541\Debug\Cm3Start.o
 .debug_aranges
                0x000000d8      0x2a0 .\CortexM3\ARM_GCC_541\Debug\PSoC5_Ex1.a(CyLib.o)
 .debug_aranges
                0x00000378       0x98 .\CortexM3\ARM_GCC_541\Debug\PSoC5_Ex1.a(cyPm.o)
 .debug_aranges
                0x00000410       0x38 .\CortexM3\ARM_GCC_541\Debug\PSoC5_Ex1.a(LED1.o)
 .debug_aranges
                0x00000448       0x38 .\CortexM3\ARM_GCC_541\Debug\PSoC5_Ex1.a(Button.o)
 .debug_aranges
                0x00000480       0xf0 .\CortexM3\ARM_GCC_541\Debug\PSoC5_Ex1.a(UART.o)
 .debug_aranges
                0x00000570       0x70 .\CortexM3\ARM_GCC_541\Debug\PSoC5_Ex1.a(UART_IntClock.o)
 .debug_aranges
                0x000005e0       0x20 .\CortexM3\ARM_GCC_541\Debug\PSoC5_Ex1.a(CyBootAsmGnu.o)
 .debug_aranges
                0x00000600       0x88 .\CortexM3\ARM_GCC_541\Debug\PSoC5_Ex1.a(CyFlash.o)
 .debug_aranges
                0x00000688       0x80 .\CortexM3\ARM_GCC_541\Debug\PSoC5_Ex1.a(CySpc.o)

.debug_pubnames
 *(.debug_pubnames)

.debug_info     0x00000000     0x4147
 *(.debug_info .gnu.linkonce.wi.*)
 .debug_info    0x00000000      0x224 .\CortexM3\ARM_GCC_541\Debug\main.o
 .debug_info    0x00000224      0x595 .\CortexM3\ARM_GCC_541\Debug\cyfitter_cfg.o
 .debug_info    0x000007b9      0x135 .\CortexM3\ARM_GCC_541\Debug\cymetadata.o
 .debug_info    0x000008ee      0x3bb .\CortexM3\ARM_GCC_541\Debug\Cm3Start.o
 .debug_info    0x00000ca9     0x1374 .\CortexM3\ARM_GCC_541\Debug\PSoC5_Ex1.a(CyLib.o)
 .debug_info    0x0000201d      0xa2a .\CortexM3\ARM_GCC_541\Debug\PSoC5_Ex1.a(cyPm.o)
 .debug_info    0x00002a47      0x11f .\CortexM3\ARM_GCC_541\Debug\PSoC5_Ex1.a(LED1.o)
 .debug_info    0x00002b66      0x11f .\CortexM3\ARM_GCC_541\Debug\PSoC5_Ex1.a(Button.o)
 .debug_info    0x00002c85      0x60c .\CortexM3\ARM_GCC_541\Debug\PSoC5_Ex1.a(UART.o)
 .debug_info    0x00003291      0x283 .\CortexM3\ARM_GCC_541\Debug\PSoC5_Ex1.a(UART_IntClock.o)
 .debug_info    0x00003514       0x96 .\CortexM3\ARM_GCC_541\Debug\PSoC5_Ex1.a(CyBootAsmGnu.o)
 .debug_info    0x000035aa      0x64d .\CortexM3\ARM_GCC_541\Debug\PSoC5_Ex1.a(CyFlash.o)
 .debug_info    0x00003bf7      0x550 .\CortexM3\ARM_GCC_541\Debug\PSoC5_Ex1.a(CySpc.o)

.debug_abbrev   0x00000000     0x107c
 *(.debug_abbrev)
 .debug_abbrev  0x00000000      0x105 .\CortexM3\ARM_GCC_541\Debug\main.o
 .debug_abbrev  0x00000105      0x20d .\CortexM3\ARM_GCC_541\Debug\cyfitter_cfg.o
 .debug_abbrev  0x00000312       0x66 .\CortexM3\ARM_GCC_541\Debug\cymetadata.o
 .debug_abbrev  0x00000378      0x1e8 .\CortexM3\ARM_GCC_541\Debug\Cm3Start.o
 .debug_abbrev  0x00000560      0x254 .\CortexM3\ARM_GCC_541\Debug\PSoC5_Ex1.a(CyLib.o)
 .debug_abbrev  0x000007b4      0x1ab .\CortexM3\ARM_GCC_541\Debug\PSoC5_Ex1.a(cyPm.o)
 .debug_abbrev  0x0000095f       0x90 .\CortexM3\ARM_GCC_541\Debug\PSoC5_Ex1.a(LED1.o)
 .debug_abbrev  0x000009ef       0x90 .\CortexM3\ARM_GCC_541\Debug\PSoC5_Ex1.a(Button.o)
 .debug_abbrev  0x00000a7f      0x175 .\CortexM3\ARM_GCC_541\Debug\PSoC5_Ex1.a(UART.o)
 .debug_abbrev  0x00000bf4      0x139 .\CortexM3\ARM_GCC_541\Debug\PSoC5_Ex1.a(UART_IntClock.o)
 .debug_abbrev  0x00000d2d       0x14 .\CortexM3\ARM_GCC_541\Debug\PSoC5_Ex1.a(CyBootAsmGnu.o)
 .debug_abbrev  0x00000d41      0x1a7 .\CortexM3\ARM_GCC_541\Debug\PSoC5_Ex1.a(CyFlash.o)
 .debug_abbrev  0x00000ee8      0x194 .\CortexM3\ARM_GCC_541\Debug\PSoC5_Ex1.a(CySpc.o)

.debug_line     0x00000000     0x1d08
 *(.debug_line)
 .debug_line    0x00000000      0x200 .\CortexM3\ARM_GCC_541\Debug\main.o
 .debug_line    0x00000200      0x1ee .\CortexM3\ARM_GCC_541\Debug\cyfitter_cfg.o
 .debug_line    0x000003ee      0x137 .\CortexM3\ARM_GCC_541\Debug\cymetadata.o
 .debug_line    0x00000525      0x22a .\CortexM3\ARM_GCC_541\Debug\Cm3Start.o
 .debug_line    0x0000074f      0x816 .\CortexM3\ARM_GCC_541\Debug\PSoC5_Ex1.a(CyLib.o)
 .debug_line    0x00000f65      0x367 .\CortexM3\ARM_GCC_541\Debug\PSoC5_Ex1.a(cyPm.o)
 .debug_line    0x000012cc       0x91 .\CortexM3\ARM_GCC_541\Debug\PSoC5_Ex1.a(LED1.o)
 .debug_line    0x0000135d       0x93 .\CortexM3\ARM_GCC_541\Debug\PSoC5_Ex1.a(Button.o)
 .debug_line    0x000013f0      0x2bc .\CortexM3\ARM_GCC_541\Debug\PSoC5_Ex1.a(UART.o)
 .debug_line    0x000016ac      0x17c .\CortexM3\ARM_GCC_541\Debug\PSoC5_Ex1.a(UART_IntClock.o)
 .debug_line    0x00001828       0x66 .\CortexM3\ARM_GCC_541\Debug\PSoC5_Ex1.a(CyBootAsmGnu.o)
 .debug_line    0x0000188e      0x21a .\CortexM3\ARM_GCC_541\Debug\PSoC5_Ex1.a(CyFlash.o)
 .debug_line    0x00001aa8      0x260 .\CortexM3\ARM_GCC_541\Debug\PSoC5_Ex1.a(CySpc.o)

.debug_frame    0x00000000     0x15c4
 *(.debug_frame)
 .debug_frame   0x00000000       0x30 .\CortexM3\ARM_GCC_541\Debug\main.o
 .debug_frame   0x00000030       0xe4 .\CortexM3\ARM_GCC_541\Debug\cyfitter_cfg.o
 .debug_frame   0x00000114       0xb8 .\CortexM3\ARM_GCC_541\Debug\Cm3Start.o
 .debug_frame   0x000001cc      0x738 .\CortexM3\ARM_GCC_541\Debug\PSoC5_Ex1.a(CyLib.o)
 .debug_frame   0x00000904      0x1f8 .\CortexM3\ARM_GCC_541\Debug\PSoC5_Ex1.a(cyPm.o)
 .debug_frame   0x00000afc       0x50 .\CortexM3\ARM_GCC_541\Debug\PSoC5_Ex1.a(LED1.o)
 .debug_frame   0x00000b4c       0x50 .\CortexM3\ARM_GCC_541\Debug\PSoC5_Ex1.a(Button.o)
 .debug_frame   0x00000b9c      0x250 .\CortexM3\ARM_GCC_541\Debug\PSoC5_Ex1.a(UART.o)
 .debug_frame   0x00000dec       0xe0 .\CortexM3\ARM_GCC_541\Debug\PSoC5_Ex1.a(UART_IntClock.o)
 .debug_frame   0x00000ecc      0x194 .\CortexM3\ARM_GCC_541\Debug\PSoC5_Ex1.a(CyFlash.o)
 .debug_frame   0x00001060      0x180 .\CortexM3\ARM_GCC_541\Debug\PSoC5_Ex1.a(CySpc.o)
 .debug_frame   0x000011e0       0x20 d:/school/summer 2020/soc/psoc creator/4.2/psoc creator/import/gnu/arm/5.4.1/bin/../lib/gcc/arm-none-eabi/5.4.1/../../../../arm-none-eabi/lib/armv7-m\libg_nano.a(lib_a-errno.o)
 .debug_frame   0x00001200       0x28 d:/school/summer 2020/soc/psoc creator/4.2/psoc creator/import/gnu/arm/5.4.1/bin/../lib/gcc/arm-none-eabi/5.4.1/../../../../arm-none-eabi/lib/armv7-m\libg_nano.a(lib_a-exit.o)
 .debug_frame   0x00001228       0x2c d:/school/summer 2020/soc/psoc creator/4.2/psoc creator/import/gnu/arm/5.4.1/bin/../lib/gcc/arm-none-eabi/5.4.1/../../../../arm-none-eabi/lib/armv7-m\libg_nano.a(lib_a-init.o)
 .debug_frame   0x00001254       0x28 d:/school/summer 2020/soc/psoc creator/4.2/psoc creator/import/gnu/arm/5.4.1/bin/../lib/gcc/arm-none-eabi/5.4.1/../../../../arm-none-eabi/lib/armv7-m\libg_nano.a(lib_a-memcpy-stub.o)
 .debug_frame   0x0000127c       0x20 d:/school/summer 2020/soc/psoc creator/4.2/psoc creator/import/gnu/arm/5.4.1/bin/../lib/gcc/arm-none-eabi/5.4.1/../../../../arm-none-eabi/lib/armv7-m\libg_nano.a(lib_a-memset.o)
 .debug_frame   0x0000129c       0x70 d:/school/summer 2020/soc/psoc creator/4.2/psoc creator/import/gnu/arm/5.4.1/bin/../lib/gcc/arm-none-eabi/5.4.1/../../../../arm-none-eabi/lib/armv7-m\libg_nano.a(lib_a-sprintf.o)
 .debug_frame   0x0000130c       0x90 d:/school/summer 2020/soc/psoc creator/4.2/psoc creator/import/gnu/arm/5.4.1/bin/../lib/gcc/arm-none-eabi/5.4.1/../../../../arm-none-eabi/lib/armv7-m\libg_nano.a(lib_a-nano-svfprintf.o)
 .debug_frame   0x0000139c       0x60 d:/school/summer 2020/soc/psoc creator/4.2/psoc creator/import/gnu/arm/5.4.1/bin/../lib/gcc/arm-none-eabi/5.4.1/../../../../arm-none-eabi/lib/armv7-m\libg_nano.a(lib_a-nano-vfprintf_i.o)
 .debug_frame   0x000013fc       0x28 d:/school/summer 2020/soc/psoc creator/4.2/psoc creator/import/gnu/arm/5.4.1/bin/../lib/gcc/arm-none-eabi/5.4.1/../../../../arm-none-eabi/lib/armv7-m\libg_nano.a(lib_a-memchr-stub.o)
 .debug_frame   0x00001424       0x28 d:/school/summer 2020/soc/psoc creator/4.2/psoc creator/import/gnu/arm/5.4.1/bin/../lib/gcc/arm-none-eabi/5.4.1/../../../../arm-none-eabi/lib/armv7-m\libg_nano.a(lib_a-memmove.o)
 .debug_frame   0x0000144c       0x38 d:/school/summer 2020/soc/psoc creator/4.2/psoc creator/import/gnu/arm/5.4.1/bin/../lib/gcc/arm-none-eabi/5.4.1/../../../../arm-none-eabi/lib/armv7-m\libg_nano.a(lib_a-nano-freer.o)
 .debug_frame   0x00001484       0x2c d:/school/summer 2020/soc/psoc creator/4.2/psoc creator/import/gnu/arm/5.4.1/bin/../lib/gcc/arm-none-eabi/5.4.1/../../../../arm-none-eabi/lib/armv7-m\libg_nano.a(lib_a-nano-mallocr.o)
 .debug_frame   0x000014b0       0x3c d:/school/summer 2020/soc/psoc creator/4.2/psoc creator/import/gnu/arm/5.4.1/bin/../lib/gcc/arm-none-eabi/5.4.1/../../../../arm-none-eabi/lib/armv7-m\libg_nano.a(lib_a-nano-reallocr.o)
 .debug_frame   0x000014ec       0x2c d:/school/summer 2020/soc/psoc creator/4.2/psoc creator/import/gnu/arm/5.4.1/bin/../lib/gcc/arm-none-eabi/5.4.1/../../../../arm-none-eabi/lib/armv7-m\libg_nano.a(lib_a-sbrkr.o)
 .debug_frame   0x00001518       0x30 d:/school/summer 2020/soc/psoc creator/4.2/psoc creator/import/gnu/arm/5.4.1/bin/../lib/gcc/arm-none-eabi/5.4.1/../../../../arm-none-eabi/lib/armv7-m\libg_nano.a(lib_a-mlock.o)
 .debug_frame   0x00001548       0x20 d:/school/summer 2020/soc/psoc creator/4.2/psoc creator/import/gnu/arm/5.4.1/bin/../lib/gcc/arm-none-eabi/5.4.1/../../../../arm-none-eabi/lib/armv7-m\libg_nano.a(lib_a-nano-msizer.o)
 .debug_frame   0x00001568       0x5c d:/school/summer 2020/soc/psoc creator/4.2/psoc creator/import/gnu/arm/5.4.1/bin/../lib/gcc/arm-none-eabi/5.4.1/../../../../arm-none-eabi/lib/armv7-m\libg_nano.a(lib_a-reent.o)

.debug_str      0x00000000     0x17f6
 *(.debug_str)
 .debug_str     0x00000000      0x1c5 .\CortexM3\ARM_GCC_541\Debug\main.o
                                0x20d (size before relaxing)
 .debug_str     0x000001c5      0x1b0 .\CortexM3\ARM_GCC_541\Debug\cyfitter_cfg.o
                                0x34a (size before relaxing)
 .debug_str     0x00000375       0x7f .\CortexM3\ARM_GCC_541\Debug\cymetadata.o
                                0x1ea (size before relaxing)
 .debug_str     0x000003f4      0x144 .\CortexM3\ARM_GCC_541\Debug\Cm3Start.o
                                0x310 (size before relaxing)
 .debug_str     0x00000538      0x84c .\CortexM3\ARM_GCC_541\Debug\PSoC5_Ex1.a(CyLib.o)
                                0xa4d (size before relaxing)
 .debug_str     0x00000d84      0x365 .\CortexM3\ARM_GCC_541\Debug\PSoC5_Ex1.a(cyPm.o)
                                0x739 (size before relaxing)
 .debug_str     0x000010e9       0x56 .\CortexM3\ARM_GCC_541\Debug\PSoC5_Ex1.a(LED1.o)
                                0x1e3 (size before relaxing)
 .debug_str     0x0000113f       0x54 .\CortexM3\ARM_GCC_541\Debug\PSoC5_Ex1.a(Button.o)
                                0x1ed (size before relaxing)
 .debug_str     0x00001193      0x280 .\CortexM3\ARM_GCC_541\Debug\PSoC5_Ex1.a(UART.o)
                                0x47b (size before relaxing)
 .debug_str     0x00001413      0x183 .\CortexM3\ARM_GCC_541\Debug\PSoC5_Ex1.a(UART_IntClock.o)
                                0x33c (size before relaxing)
 .debug_str     0x00001596      0x1b4 .\CortexM3\ARM_GCC_541\Debug\PSoC5_Ex1.a(CyFlash.o)
                                0x3c6 (size before relaxing)
 .debug_str     0x0000174a       0xac .\CortexM3\ARM_GCC_541\Debug\PSoC5_Ex1.a(CySpc.o)
                                0x33e (size before relaxing)

.debug_loc      0x00000000     0x1e87
 *(.debug_loc)
 .debug_loc     0x00000000       0x35 .\CortexM3\ARM_GCC_541\Debug\main.o
 .debug_loc     0x00000035      0x25a .\CortexM3\ARM_GCC_541\Debug\cyfitter_cfg.o
 .debug_loc     0x0000028f      0x144 .\CortexM3\ARM_GCC_541\Debug\Cm3Start.o
 .debug_loc     0x000003d3      0xa11 .\CortexM3\ARM_GCC_541\Debug\PSoC5_Ex1.a(CyLib.o)
 .debug_loc     0x00000de4      0x1e4 .\CortexM3\ARM_GCC_541\Debug\PSoC5_Ex1.a(cyPm.o)
 .debug_loc     0x00000fc8       0x42 .\CortexM3\ARM_GCC_541\Debug\PSoC5_Ex1.a(LED1.o)
 .debug_loc     0x0000100a       0x42 .\CortexM3\ARM_GCC_541\Debug\PSoC5_Ex1.a(Button.o)
 .debug_loc     0x0000104c      0x258 .\CortexM3\ARM_GCC_541\Debug\PSoC5_Ex1.a(UART.o)
 .debug_loc     0x000012a4      0x12c .\CortexM3\ARM_GCC_541\Debug\PSoC5_Ex1.a(UART_IntClock.o)
 .debug_loc     0x000013d0      0x3b2 .\CortexM3\ARM_GCC_541\Debug\PSoC5_Ex1.a(CyFlash.o)
 .debug_loc     0x00001782      0x705 .\CortexM3\ARM_GCC_541\Debug\PSoC5_Ex1.a(CySpc.o)

.debug_macinfo
 *(.debug_macinfo)

.debug_ranges   0x00000000      0x620
 *(.debug_ranges)
 .debug_ranges  0x00000000       0x10 .\CortexM3\ARM_GCC_541\Debug\main.o
 .debug_ranges  0x00000010       0x48 .\CortexM3\ARM_GCC_541\Debug\cyfitter_cfg.o
 .debug_ranges  0x00000058       0x38 .\CortexM3\ARM_GCC_541\Debug\Cm3Start.o
 .debug_ranges  0x00000090      0x290 .\CortexM3\ARM_GCC_541\Debug\PSoC5_Ex1.a(CyLib.o)
 .debug_ranges  0x00000320       0x88 .\CortexM3\ARM_GCC_541\Debug\PSoC5_Ex1.a(cyPm.o)
 .debug_ranges  0x000003a8       0x28 .\CortexM3\ARM_GCC_541\Debug\PSoC5_Ex1.a(LED1.o)
 .debug_ranges  0x000003d0       0x28 .\CortexM3\ARM_GCC_541\Debug\PSoC5_Ex1.a(Button.o)
 .debug_ranges  0x000003f8       0xe0 .\CortexM3\ARM_GCC_541\Debug\PSoC5_Ex1.a(UART.o)
 .debug_ranges  0x000004d8       0x60 .\CortexM3\ARM_GCC_541\Debug\PSoC5_Ex1.a(UART_IntClock.o)
 .debug_ranges  0x00000538       0x78 .\CortexM3\ARM_GCC_541\Debug\PSoC5_Ex1.a(CyFlash.o)
 .debug_ranges  0x000005b0       0x70 .\CortexM3\ARM_GCC_541\Debug\PSoC5_Ex1.a(CySpc.o)

.comment        0x00000000       0x6e
 .comment       0x00000000       0x6e .\CortexM3\ARM_GCC_541\Debug\main.o
                                 0x6f (size before relaxing)
 .comment       0x0000006e       0x6f .\CortexM3\ARM_GCC_541\Debug\cyfitter_cfg.o
 .comment       0x0000006e       0x6f .\CortexM3\ARM_GCC_541\Debug\cymetadata.o
 .comment       0x0000006e       0x6f .\CortexM3\ARM_GCC_541\Debug\Cm3Start.o
 .comment       0x0000006e       0x6f .\CortexM3\ARM_GCC_541\Debug\PSoC5_Ex1.a(CyLib.o)
 .comment       0x0000006e       0x6f .\CortexM3\ARM_GCC_541\Debug\PSoC5_Ex1.a(cyPm.o)
 .comment       0x0000006e       0x6f .\CortexM3\ARM_GCC_541\Debug\PSoC5_Ex1.a(LED1.o)
 .comment       0x0000006e       0x6f .\CortexM3\ARM_GCC_541\Debug\PSoC5_Ex1.a(Button.o)
 .comment       0x0000006e       0x6f .\CortexM3\ARM_GCC_541\Debug\PSoC5_Ex1.a(UART.o)
 .comment       0x0000006e       0x6f .\CortexM3\ARM_GCC_541\Debug\PSoC5_Ex1.a(UART_IntClock.o)
 .comment       0x0000006e       0x6f .\CortexM3\ARM_GCC_541\Debug\PSoC5_Ex1.a(CyFlash.o)
 .comment       0x0000006e       0x6f .\CortexM3\ARM_GCC_541\Debug\PSoC5_Ex1.a(CySpc.o)

.debug_weaknames
 *(.debug_weaknames)

.debug_funcnames
 *(.debug_funcnames)

.debug_typenames
 *(.debug_typenames)

.debug_varnames
 *(.debug_varnames)

.note.gnu.arm.ident
 *(.note.gnu.arm.ident)

.ARM.attributes
                0x00000000       0x29
 *(.ARM.attributes)
 .ARM.attributes
                0x00000000       0x1d d:/school/summer 2020/soc/psoc creator/4.2/psoc creator/import/gnu/arm/5.4.1/bin/../lib/gcc/arm-none-eabi/5.4.1/armv7-m/crti.o
 .ARM.attributes
                0x0000001d       0x2d d:/school/summer 2020/soc/psoc creator/4.2/psoc creator/import/gnu/arm/5.4.1/bin/../lib/gcc/arm-none-eabi/5.4.1/armv7-m/crtbegin.o
 .ARM.attributes
                0x0000004a       0x1b d:/school/summer 2020/soc/psoc creator/4.2/psoc creator/import/gnu/arm/5.4.1/bin/../lib/gcc/arm-none-eabi/5.4.1/../../../../arm-none-eabi/lib/armv7-m/crt0.o
 .ARM.attributes
                0x00000065       0x33 .\CortexM3\ARM_GCC_541\Debug\main.o
 .ARM.attributes
                0x00000098       0x33 .\CortexM3\ARM_GCC_541\Debug\cyfitter_cfg.o
 .ARM.attributes
                0x000000cb       0x33 .\CortexM3\ARM_GCC_541\Debug\cymetadata.o
 .ARM.attributes
                0x000000fe       0x33 .\CortexM3\ARM_GCC_541\Debug\Cm3Start.o
 .ARM.attributes
                0x00000131       0x33 .\CortexM3\ARM_GCC_541\Debug\PSoC5_Ex1.a(CyLib.o)
 .ARM.attributes
                0x00000164       0x33 .\CortexM3\ARM_GCC_541\Debug\PSoC5_Ex1.a(cyPm.o)
 .ARM.attributes
                0x00000197       0x33 .\CortexM3\ARM_GCC_541\Debug\PSoC5_Ex1.a(LED1.o)
 .ARM.attributes
                0x000001ca       0x33 .\CortexM3\ARM_GCC_541\Debug\PSoC5_Ex1.a(Button.o)
 .ARM.attributes
                0x000001fd       0x33 .\CortexM3\ARM_GCC_541\Debug\PSoC5_Ex1.a(UART.o)
 .ARM.attributes
                0x00000230       0x33 .\CortexM3\ARM_GCC_541\Debug\PSoC5_Ex1.a(UART_IntClock.o)
 .ARM.attributes
                0x00000263       0x21 .\CortexM3\ARM_GCC_541\Debug\PSoC5_Ex1.a(CyBootAsmGnu.o)
 .ARM.attributes
                0x00000284       0x33 .\CortexM3\ARM_GCC_541\Debug\PSoC5_Ex1.a(CyFlash.o)
 .ARM.attributes
                0x000002b7       0x33 .\CortexM3\ARM_GCC_541\Debug\PSoC5_Ex1.a(CySpc.o)
 .ARM.attributes
                0x000002ea       0x2d d:/school/summer 2020/soc/psoc creator/4.2/psoc creator/import/gnu/arm/5.4.1/bin/../lib/gcc/arm-none-eabi/5.4.1/../../../../arm-none-eabi/lib/armv7-m\libg_nano.a(lib_a-errno.o)
 .ARM.attributes
                0x00000317       0x2d d:/school/summer 2020/soc/psoc creator/4.2/psoc creator/import/gnu/arm/5.4.1/bin/../lib/gcc/arm-none-eabi/5.4.1/../../../../arm-none-eabi/lib/armv7-m\libg_nano.a(lib_a-exit.o)
 .ARM.attributes
                0x00000344       0x2d d:/school/summer 2020/soc/psoc creator/4.2/psoc creator/import/gnu/arm/5.4.1/bin/../lib/gcc/arm-none-eabi/5.4.1/../../../../arm-none-eabi/lib/armv7-m\libg_nano.a(lib_a-impure.o)
 .ARM.attributes
                0x00000371       0x2d d:/school/summer 2020/soc/psoc creator/4.2/psoc creator/import/gnu/arm/5.4.1/bin/../lib/gcc/arm-none-eabi/5.4.1/../../../../arm-none-eabi/lib/armv7-m\libg_nano.a(lib_a-init.o)
 .ARM.attributes
                0x0000039e       0x2d d:/school/summer 2020/soc/psoc creator/4.2/psoc creator/import/gnu/arm/5.4.1/bin/../lib/gcc/arm-none-eabi/5.4.1/../../../../arm-none-eabi/lib/armv7-m\libg_nano.a(lib_a-memcpy-stub.o)
 .ARM.attributes
                0x000003cb       0x2d d:/school/summer 2020/soc/psoc creator/4.2/psoc creator/import/gnu/arm/5.4.1/bin/../lib/gcc/arm-none-eabi/5.4.1/../../../../arm-none-eabi/lib/armv7-m\libg_nano.a(lib_a-memset.o)
 .ARM.attributes
                0x000003f8       0x2d d:/school/summer 2020/soc/psoc creator/4.2/psoc creator/import/gnu/arm/5.4.1/bin/../lib/gcc/arm-none-eabi/5.4.1/../../../../arm-none-eabi/lib/armv7-m\libg_nano.a(lib_a-sprintf.o)
 .ARM.attributes
                0x00000425       0x2d d:/school/summer 2020/soc/psoc creator/4.2/psoc creator/import/gnu/arm/5.4.1/bin/../lib/gcc/arm-none-eabi/5.4.1/../../../../arm-none-eabi/lib/armv7-m\libg_nano.a(lib_a-nano-svfprintf.o)
 .ARM.attributes
                0x00000452       0x2d d:/school/summer 2020/soc/psoc creator/4.2/psoc creator/import/gnu/arm/5.4.1/bin/../lib/gcc/arm-none-eabi/5.4.1/../../../../arm-none-eabi/lib/armv7-m\libg_nano.a(lib_a-nano-vfprintf_i.o)
 .ARM.attributes
                0x0000047f       0x2d d:/school/summer 2020/soc/psoc creator/4.2/psoc creator/import/gnu/arm/5.4.1/bin/../lib/gcc/arm-none-eabi/5.4.1/../../../../arm-none-eabi/lib/armv7-m\libg_nano.a(lib_a-memchr-stub.o)
 .ARM.attributes
                0x000004ac       0x2d d:/school/summer 2020/soc/psoc creator/4.2/psoc creator/import/gnu/arm/5.4.1/bin/../lib/gcc/arm-none-eabi/5.4.1/../../../../arm-none-eabi/lib/armv7-m\libg_nano.a(lib_a-memmove.o)
 .ARM.attributes
                0x000004d9       0x2d d:/school/summer 2020/soc/psoc creator/4.2/psoc creator/import/gnu/arm/5.4.1/bin/../lib/gcc/arm-none-eabi/5.4.1/../../../../arm-none-eabi/lib/armv7-m\libg_nano.a(lib_a-nano-freer.o)
 .ARM.attributes
                0x00000506       0x2d d:/school/summer 2020/soc/psoc creator/4.2/psoc creator/import/gnu/arm/5.4.1/bin/../lib/gcc/arm-none-eabi/5.4.1/../../../../arm-none-eabi/lib/armv7-m\libg_nano.a(lib_a-nano-mallocr.o)
 .ARM.attributes
                0x00000533       0x2d d:/school/summer 2020/soc/psoc creator/4.2/psoc creator/import/gnu/arm/5.4.1/bin/../lib/gcc/arm-none-eabi/5.4.1/../../../../arm-none-eabi/lib/armv7-m\libg_nano.a(lib_a-nano-reallocr.o)
 .ARM.attributes
                0x00000560       0x2d d:/school/summer 2020/soc/psoc creator/4.2/psoc creator/import/gnu/arm/5.4.1/bin/../lib/gcc/arm-none-eabi/5.4.1/../../../../arm-none-eabi/lib/armv7-m\libg_nano.a(lib_a-sbrkr.o)
 .ARM.attributes
                0x0000058d       0x2d d:/school/summer 2020/soc/psoc creator/4.2/psoc creator/import/gnu/arm/5.4.1/bin/../lib/gcc/arm-none-eabi/5.4.1/../../../../arm-none-eabi/lib/armv7-m\libg_nano.a(lib_a-mlock.o)
 .ARM.attributes
                0x000005ba       0x2d d:/school/summer 2020/soc/psoc creator/4.2/psoc creator/import/gnu/arm/5.4.1/bin/../lib/gcc/arm-none-eabi/5.4.1/../../../../arm-none-eabi/lib/armv7-m\libg_nano.a(lib_a-nano-msizer.o)
 .ARM.attributes
                0x000005e7       0x2d d:/school/summer 2020/soc/psoc creator/4.2/psoc creator/import/gnu/arm/5.4.1/bin/../lib/gcc/arm-none-eabi/5.4.1/../../../../arm-none-eabi/lib/armv7-m\libg_nano.a(lib_a-reent.o)
 .ARM.attributes
                0x00000614       0x2d d:/school/summer 2020/soc/psoc creator/4.2/psoc creator/import/gnu/arm/5.4.1/bin/../lib/gcc/arm-none-eabi/5.4.1/armv7-m/crtend.o
 .ARM.attributes
                0x00000641       0x1d d:/school/summer 2020/soc/psoc creator/4.2/psoc creator/import/gnu/arm/5.4.1/bin/../lib/gcc/arm-none-eabi/5.4.1/armv7-m/crtn.o

/DISCARD/
 *(.note.GNU-stack)
OUTPUT(D:\School\Summer 2020\SoC\PSoC Creator\PSoC Spring 2020\PSoC5_Ex1.cydsn\CortexM3\ARM_GCC_541\Debug\PSoC5_Ex1.elf elf32-littlearm)
